#! /c/Source/iverilog-install/bin/vvp
:ivl_version "12.0 (devel)" "(s20150603-1539-g2693dd32b)";
:ivl_delay_selection "TYPICAL";
:vpi_time_precision + 0;
:vpi_module "C:\iverilog\lib\ivl\system.vpi";
:vpi_module "C:\iverilog\lib\ivl\vhdl_sys.vpi";
:vpi_module "C:\iverilog\lib\ivl\vhdl_textio.vpi";
:vpi_module "C:\iverilog\lib\ivl\v2005_math.vpi";
:vpi_module "C:\iverilog\lib\ivl\va_math.vpi";
S_000001d8e7167f30 .scope module, "testbench" "testbench" 2 1;
 .timescale 0 0;
v000001d8e71c6f40_0 .net "DataAdr", 31 0, L_000001d8e7109030;  1 drivers
v000001d8e71c6b80_0 .net "MemWrite", 0 0, L_000001d8e708f080;  1 drivers
v000001d8e71c6d60_0 .net "WriteData", 31 0, L_000001d8e7108e00;  1 drivers
v000001d8e71c6e00_0 .var "clk", 0 0;
v000001d8e71c7120_0 .var "reset", 0 0;
E_000001d8e71449d0 .event negedge, v000001d8e715d370_0;
S_000001d8e7170360 .scope module, "dut" "top" 2 11, 3 1 0, S_000001d8e7167f30;
 .timescale 0 0;
    .port_info 0 /INPUT 1 "clk";
    .port_info 1 /INPUT 1 "reset";
    .port_info 2 /OUTPUT 32 "WriteData";
    .port_info 3 /OUTPUT 32 "DataAdr";
    .port_info 4 /OUTPUT 1 "MemWrite";
v000001d8e71c79e0_0 .net "DataAdr", 31 0, L_000001d8e7109030;  alias, 1 drivers
v000001d8e71c6cc0_0 .net "Instr", 31 0, L_000001d8e71d7290;  1 drivers
v000001d8e71c7a80_0 .net "MemWrite", 0 0, L_000001d8e708f080;  alias, 1 drivers
v000001d8e71c67c0_0 .net "PC", 31 0, v000001d8e71b9a90_0;  1 drivers
v000001d8e71c6860_0 .net "ReadData", 31 0, L_000001d8e71d6d50;  1 drivers
v000001d8e71c71c0_0 .net "WriteData", 31 0, L_000001d8e7108e00;  alias, 1 drivers
v000001d8e71c6900_0 .net "clk", 0 0, v000001d8e71c6e00_0;  1 drivers
v000001d8e71c6ae0_0 .net "reset", 0 0, v000001d8e71c7120_0;  1 drivers
S_000001d8e70eab50 .scope module, "dmem" "dmem" 3 30, 4 1 0, S_000001d8e7170360;
 .timescale 0 0;
    .port_info 0 /INPUT 1 "clk";
    .port_info 1 /INPUT 1 "we";
    .port_info 2 /INPUT 32 "a";
    .port_info 3 /INPUT 32 "wd";
    .port_info 4 /OUTPUT 32 "rd";
L_000001d8e71d6d50 .functor BUFZ 32, L_000001d8e71d3280, C4<00000000000000000000000000000000>, C4<00000000000000000000000000000000>, C4<00000000000000000000000000000000>;
v000001d8e715d730 .array "RAM", 0 63, 31 0;
v000001d8e715cd30_0 .net *"_ivl_0", 31 0, L_000001d8e71d3280;  1 drivers
v000001d8e715d7d0_0 .net *"_ivl_3", 29 0, L_000001d8e71d36e0;  1 drivers
v000001d8e715ce70_0 .net "a", 31 0, L_000001d8e7109030;  alias, 1 drivers
v000001d8e715d370_0 .net "clk", 0 0, v000001d8e71c6e00_0;  alias, 1 drivers
v000001d8e715da50_0 .net "rd", 31 0, L_000001d8e71d6d50;  alias, 1 drivers
v000001d8e715dd70_0 .net "wd", 31 0, L_000001d8e7108e00;  alias, 1 drivers
v000001d8e715cf10_0 .net "we", 0 0, L_000001d8e708f080;  alias, 1 drivers
E_000001d8e7144810 .event posedge, v000001d8e715d370_0;
L_000001d8e71d3280 .array/port v000001d8e715d730, L_000001d8e71d36e0;
L_000001d8e71d36e0 .part L_000001d8e7109030, 2, 30;
S_000001d8e70eace0 .scope module, "imem" "imem" 3 25, 5 1 0, S_000001d8e7170360;
 .timescale 0 0;
    .port_info 0 /INPUT 32 "a";
    .port_info 1 /OUTPUT 32 "rd";
L_000001d8e71d7290 .functor BUFZ 32, L_000001d8e71d27e0, C4<00000000000000000000000000000000>, C4<00000000000000000000000000000000>, C4<00000000000000000000000000000000>;
v000001d8e715d4b0 .array "RAM", 0 63, 31 0;
v000001d8e715daf0_0 .net *"_ivl_0", 31 0, L_000001d8e71d27e0;  1 drivers
v000001d8e715dcd0_0 .net *"_ivl_3", 29 0, L_000001d8e71d30a0;  1 drivers
v000001d8e715e1d0_0 .net "a", 31 0, v000001d8e71b9a90_0;  alias, 1 drivers
v000001d8e715e270_0 .net "rd", 31 0, L_000001d8e71d7290;  alias, 1 drivers
L_000001d8e71d27e0 .array/port v000001d8e715d4b0, L_000001d8e71d30a0;
L_000001d8e71d30a0 .part v000001d8e71b9a90_0, 2, 30;
S_000001d8e70e7b80 .scope module, "rvsingle" "riscvsingle" 3 14, 6 3 0, S_000001d8e7170360;
 .timescale 0 0;
    .port_info 0 /INPUT 1 "clk";
    .port_info 1 /INPUT 1 "reset";
    .port_info 2 /INPUT 32 "Instr";
    .port_info 3 /INPUT 32 "ReadData";
    .port_info 4 /OUTPUT 32 "PC";
    .port_info 5 /OUTPUT 1 "MemWrite";
    .port_info 6 /OUTPUT 32 "ALUResult";
    .port_info 7 /OUTPUT 32 "WriteData";
v000001d8e71c47e0_0 .net "ALUResult", 31 0, L_000001d8e7109030;  alias, 1 drivers
v000001d8e71c6040_0 .net "Instr", 31 0, L_000001d8e71d7290;  alias, 1 drivers
v000001d8e71c55a0_0 .net "MemWrite", 0 0, L_000001d8e708f080;  alias, 1 drivers
v000001d8e71c4ba0_0 .net "PC", 31 0, v000001d8e71b9a90_0;  alias, 1 drivers
v000001d8e71c3fc0_0 .net "ReadData", 31 0, L_000001d8e71d6d50;  alias, 1 drivers
v000001d8e71c4ec0_0 .net "WriteData", 31 0, L_000001d8e7108e00;  alias, 1 drivers
v000001d8e71c5000_0 .net "clk", 0 0, v000001d8e71c6e00_0;  alias, 1 drivers
v000001d8e71c50a0_0 .net "reset", 0 0, v000001d8e71c7120_0;  alias, 1 drivers
v000001d8e71c5fa0_0 .net "w_ALUControlD", 2 0, v000001d8e712f910_0;  1 drivers
v000001d8e71c53c0_0 .net "w_ALUSrcD", 0 0, L_000001d8e71d0440;  1 drivers
v000001d8e71c5dc0_0 .net "w_BranchD", 0 0, L_000001d8e71d1ca0;  1 drivers
v000001d8e71c60e0_0 .net "w_FlushD", 0 0, L_000001d8e71d7680;  1 drivers
v000001d8e71c6180_0 .net "w_FlushE", 0 0, L_000001d8e71d7840;  1 drivers
v000001d8e71c7800_0 .net "w_FowardAE", 1 0, L_000001d8e71d3a00;  1 drivers
v000001d8e71c7620_0 .net "w_FowardBE", 1 0, L_000001d8e71d3d20;  1 drivers
v000001d8e71c73a0_0 .net "w_ImmSrcD", 1 0, L_000001d8e71c7260;  1 drivers
v000001d8e71c78a0_0 .net "w_InstrD", 31 0, L_000001d8e7108a10;  1 drivers
v000001d8e71c7b20_0 .net "w_JumpD", 0 0, L_000001d8e71d1520;  1 drivers
v000001d8e71c7c60_0 .net "w_MemWriteD", 0 0, L_000001d8e71d1e80;  1 drivers
v000001d8e71c6fe0_0 .net "w_PCSrcE", 0 0, L_000001d8e71d78b0;  1 drivers
o000001d8e7174718 .functor BUFZ 5, C4<zzzzz>; HiZ drive
v000001d8e71c76c0_0 .net "w_RdE", 4 0, o000001d8e7174718;  0 drivers
v000001d8e71c7300_0 .net "w_RdM", 4 0, L_000001d8e71d6ff0;  1 drivers
v000001d8e71c7440_0 .net "w_RdW", 4 0, L_000001d8e71d71b0;  1 drivers
v000001d8e71c7bc0_0 .net "w_RegWriteD", 0 0, L_000001d8e71c7080;  1 drivers
v000001d8e71c6ea0_0 .net "w_RegWriteM", 0 0, L_000001d8e71d7ae0;  1 drivers
v000001d8e71c6720_0 .net "w_RegWriteW", 0 0, L_000001d8e71d7990;  1 drivers
v000001d8e71c7d00_0 .net "w_ResultSrcD", 1 0, L_000001d8e71d0b20;  1 drivers
v000001d8e71c7760_0 .net "w_ResultSrcE", 0 0, L_000001d8e71d0800;  1 drivers
o000001d8e7174838 .functor BUFZ 5, C4<zzzzz>; HiZ drive
v000001d8e71c6a40_0 .net "w_Rs1D", 4 0, o000001d8e7174838;  0 drivers
v000001d8e71c7940_0 .net "w_Rs1E", 4 0, L_000001d8e71d68f0;  1 drivers
o000001d8e7174898 .functor BUFZ 5, C4<zzzzz>; HiZ drive
v000001d8e71c7580_0 .net "w_Rs2D", 4 0, o000001d8e7174898;  0 drivers
v000001d8e71c7da0_0 .net "w_Rs2E", 4 0, L_000001d8e71d7300;  1 drivers
v000001d8e71c74e0_0 .net "w_StallD", 0 0, L_000001d8e71d3140;  1 drivers
v000001d8e71c6c20_0 .net "w_StallF", 0 0, L_000001d8e71d3820;  1 drivers
o000001d8e71713b8 .functor BUFZ 1, C4<z>; HiZ drive
v000001d8e71c69a0_0 .net "w_Zero", 0 0, o000001d8e71713b8;  0 drivers
L_000001d8e71d08a0 .part L_000001d8e7108a10, 0, 7;
L_000001d8e71d0bc0 .part L_000001d8e7108a10, 12, 3;
L_000001d8e71d1fc0 .part L_000001d8e7108a10, 30, 1;
S_000001d8e70e7d10 .scope module, "c" "controller" 6 47, 7 1 0, S_000001d8e70e7b80;
 .timescale 0 0;
    .port_info 0 /INPUT 7 "op";
    .port_info 1 /INPUT 3 "funct3";
    .port_info 2 /INPUT 1 "funct7b5";
    .port_info 3 /INPUT 1 "Zero";
    .port_info 4 /OUTPUT 1 "RegWriteD";
    .port_info 5 /OUTPUT 2 "ResultSrcD";
    .port_info 6 /OUTPUT 1 "MemWriteD";
    .port_info 7 /OUTPUT 1 "JumpD";
    .port_info 8 /OUTPUT 1 "BranchD";
    .port_info 9 /OUTPUT 3 "ALUControlD";
    .port_info 10 /OUTPUT 1 "ALUSrcD";
    .port_info 11 /OUTPUT 2 "ImmSrcD";
v000001d8e71b6150_0 .net "ALUControlD", 2 0, v000001d8e712f910_0;  alias, 1 drivers
v000001d8e71b5b10_0 .net "ALUOp", 1 0, L_000001d8e71d1160;  1 drivers
v000001d8e71b5c50_0 .net "ALUSrcD", 0 0, L_000001d8e71d0440;  alias, 1 drivers
v000001d8e71b5250_0 .net "BranchD", 0 0, L_000001d8e71d1ca0;  alias, 1 drivers
v000001d8e71b5a70_0 .net "ImmSrcD", 1 0, L_000001d8e71c7260;  alias, 1 drivers
v000001d8e71b5cf0_0 .net "JumpD", 0 0, L_000001d8e71d1520;  alias, 1 drivers
v000001d8e71b56b0_0 .net "MemWriteD", 0 0, L_000001d8e71d1e80;  alias, 1 drivers
v000001d8e71b6a10_0 .net "RegWriteD", 0 0, L_000001d8e71c7080;  alias, 1 drivers
v000001d8e71b5e30_0 .net "ResultSrcD", 1 0, L_000001d8e71d0b20;  alias, 1 drivers
v000001d8e71b5bb0_0 .net "Zero", 0 0, o000001d8e71713b8;  alias, 0 drivers
v000001d8e71b5610_0 .net "funct3", 2 0, L_000001d8e71d0bc0;  1 drivers
v000001d8e71b6650_0 .net "funct7b5", 0 0, L_000001d8e71d1fc0;  1 drivers
v000001d8e71b6010_0 .net "op", 6 0, L_000001d8e71d08a0;  1 drivers
L_000001d8e71d0260 .part L_000001d8e71d08a0, 5, 1;
S_000001d8e70d86d0 .scope module, "ad" "aludec" 7 31, 8 1 0, S_000001d8e70e7d10;
 .timescale 0 0;
    .port_info 0 /INPUT 1 "opb5";
    .port_info 1 /INPUT 3 "funct3";
    .port_info 2 /INPUT 1 "funct7b5";
    .port_info 3 /INPUT 2 "ALUOp";
    .port_info 4 /OUTPUT 3 "ALUControl";
L_000001d8e7153580 .functor AND 1, L_000001d8e71d1fc0, L_000001d8e71d0260, C4<1>, C4<1>;
v000001d8e712f910_0 .var "ALUControl", 2 0;
v000001d8e712ef10_0 .net "ALUOp", 1 0, L_000001d8e71d1160;  alias, 1 drivers
v000001d8e712f190_0 .net "RtypeSub", 0 0, L_000001d8e7153580;  1 drivers
v000001d8e713bcf0_0 .net "funct3", 2 0, L_000001d8e71d0bc0;  alias, 1 drivers
v000001d8e713c6f0_0 .net "funct7b5", 0 0, L_000001d8e71d1fc0;  alias, 1 drivers
v000001d8e71b6510_0 .net "opb5", 0 0, L_000001d8e71d0260;  1 drivers
E_000001d8e7144310 .event anyedge, v000001d8e712ef10_0, v000001d8e713bcf0_0, v000001d8e712f190_0;
S_000001d8e70d8860 .scope module, "md" "maindec" 7 19, 9 1 0, S_000001d8e70e7d10;
 .timescale 0 0;
    .port_info 0 /INPUT 7 "op";
    .port_info 1 /OUTPUT 2 "ResultSrc";
    .port_info 2 /OUTPUT 1 "MemWrite";
    .port_info 3 /OUTPUT 1 "Branch";
    .port_info 4 /OUTPUT 1 "ALUSrc";
    .port_info 5 /OUTPUT 1 "RegWrite";
    .port_info 6 /OUTPUT 1 "Jump";
    .port_info 7 /OUTPUT 2 "ImmSrc";
    .port_info 8 /OUTPUT 2 "ALUOp";
v000001d8e71b5570_0 .net "ALUOp", 1 0, L_000001d8e71d1160;  alias, 1 drivers
v000001d8e71b4cb0_0 .net "ALUSrc", 0 0, L_000001d8e71d0440;  alias, 1 drivers
v000001d8e71b60b0_0 .net "Branch", 0 0, L_000001d8e71d1ca0;  alias, 1 drivers
v000001d8e71b68d0_0 .net "ImmSrc", 1 0, L_000001d8e71c7260;  alias, 1 drivers
v000001d8e71b6970_0 .net "Jump", 0 0, L_000001d8e71d1520;  alias, 1 drivers
v000001d8e71b65b0_0 .net "MemWrite", 0 0, L_000001d8e71d1e80;  alias, 1 drivers
v000001d8e71b4f30_0 .net "RegWrite", 0 0, L_000001d8e71c7080;  alias, 1 drivers
v000001d8e71b6830_0 .net "ResultSrc", 1 0, L_000001d8e71d0b20;  alias, 1 drivers
v000001d8e71b5110_0 .net *"_ivl_10", 10 0, v000001d8e71b4df0_0;  1 drivers
v000001d8e71b4df0_0 .var "controls", 10 0;
v000001d8e71b4c10_0 .net "op", 6 0, L_000001d8e71d08a0;  alias, 1 drivers
E_000001d8e7144a50 .event anyedge, v000001d8e71b4c10_0;
L_000001d8e71c7080 .part v000001d8e71b4df0_0, 10, 1;
L_000001d8e71c7260 .part v000001d8e71b4df0_0, 8, 2;
L_000001d8e71d0440 .part v000001d8e71b4df0_0, 7, 1;
L_000001d8e71d1e80 .part v000001d8e71b4df0_0, 6, 1;
L_000001d8e71d0b20 .part v000001d8e71b4df0_0, 4, 2;
L_000001d8e71d1ca0 .part v000001d8e71b4df0_0, 3, 1;
L_000001d8e71d1160 .part v000001d8e71b4df0_0, 1, 2;
L_000001d8e71d1520 .part v000001d8e71b4df0_0, 0, 1;
S_000001d8e70d1080 .scope module, "dp" "datapath" 6 62, 10 1 0, S_000001d8e70e7b80;
 .timescale 0 0;
    .port_info 0 /INPUT 1 "clk";
    .port_info 1 /INPUT 1 "reset";
    .port_info 2 /INPUT 1 "RegWriteD";
    .port_info 3 /INPUT 2 "ResultSrcD";
    .port_info 4 /INPUT 1 "MemWriteD";
    .port_info 5 /INPUT 1 "JumpD";
    .port_info 6 /INPUT 1 "BranchD";
    .port_info 7 /INPUT 3 "ALUControlD";
    .port_info 8 /INPUT 1 "ALUSrcD";
    .port_info 9 /INPUT 2 "ImmSrcD";
    .port_info 10 /INPUT 32 "InstrF";
    .port_info 11 /INPUT 32 "ReadDataM";
    .port_info 12 /INPUT 2 "FowardAE";
    .port_info 13 /INPUT 2 "FowardBE";
    .port_info 14 /INPUT 1 "StallF";
    .port_info 15 /INPUT 1 "StallD";
    .port_info 16 /INPUT 1 "FlushD";
    .port_info 17 /INPUT 1 "FlushE";
    .port_info 18 /OUTPUT 32 "PCF";
    .port_info 19 /OUTPUT 32 "InstrD";
    .port_info 20 /OUTPUT 32 "ALUResultM";
    .port_info 21 /OUTPUT 32 "WriteDataM";
    .port_info 22 /OUTPUT 1 "MemWriteM";
    .port_info 23 /OUTPUT 1 "PCSrcE";
    .port_info 24 /OUTPUT 1 "ResultSrcE";
    .port_info 25 /OUTPUT 1 "RegWriteM";
    .port_info 26 /OUTPUT 1 "RegWriteW";
    .port_info 27 /OUTPUT 5 "RdM";
    .port_info 28 /OUTPUT 5 "RdW";
    .port_info 29 /OUTPUT 5 "Rs1D";
    .port_info 30 /OUTPUT 5 "Rs2D";
    .port_info 31 /OUTPUT 5 "Rs1E";
    .port_info 32 /OUTPUT 5 "Rs2E";
    .port_info 33 /OUTPUT 5 "RdE";
L_000001d8e7153a50 .functor AND 1, v000001d8e71bca40_0, L_000001d8e71d1480, C4<1>, C4<1>;
L_000001d8e7153ba0 .functor OR 1, v000001d8e71bbd20_0, L_000001d8e7153a50, C4<0>, C4<0>;
L_000001d8e7153d60 .functor BUFZ 1, L_000001d8e71c7080, C4<0>, C4<0>, C4<0>;
L_000001d8e71541c0 .functor BUFZ 2, L_000001d8e71d0b20, C4<00>, C4<00>, C4<00>;
L_000001d8e7153f20 .functor BUFZ 1, L_000001d8e71d1e80, C4<0>, C4<0>, C4<0>;
L_000001d8e7153dd0 .functor BUFZ 1, L_000001d8e71d1520, C4<0>, C4<0>, C4<0>;
L_000001d8e7153ac0 .functor BUFZ 1, L_000001d8e71d1ca0, C4<0>, C4<0>, C4<0>;
L_000001d8e7154230 .functor BUFZ 3, v000001d8e712f910_0, C4<000>, C4<000>, C4<000>;
L_000001d8e71542a0 .functor BUFZ 1, L_000001d8e71d0440, C4<0>, C4<0>, C4<0>;
L_000001d8e7154310 .functor BUFZ 2, L_000001d8e71c7260, C4<00>, C4<00>, C4<00>;
L_000001d8e7154380 .functor BUFZ 32, L_000001d8e71d6d50, C4<00000000000000000000000000000000>, C4<00000000000000000000000000000000>, C4<00000000000000000000000000000000>;
L_000001d8e7108a10 .functor BUFZ 32, v000001d8e71bc220_0, C4<00000000000000000000000000000000>, C4<00000000000000000000000000000000>, C4<00000000000000000000000000000000>;
L_000001d8e7109030 .functor BUFZ 32, v000001d8e71b8ff0_0, C4<00000000000000000000000000000000>, C4<00000000000000000000000000000000>, C4<00000000000000000000000000000000>;
L_000001d8e7108e00 .functor BUFZ 32, v000001d8e71ba170_0, C4<00000000000000000000000000000000>, C4<00000000000000000000000000000000>, C4<00000000000000000000000000000000>;
L_000001d8e708f080 .functor BUFZ 1, v000001d8e71ba7b0_0, C4<0>, C4<0>, C4<0>;
L_000001d8e71d78b0 .functor BUFZ 1, L_000001d8e7153ba0, C4<0>, C4<0>, C4<0>;
L_000001d8e71d7ae0 .functor BUFZ 1, v000001d8e71b9e50_0, C4<0>, C4<0>, C4<0>;
L_000001d8e71d7990 .functor BUFZ 1, v000001d8e71bf240_0, C4<0>, C4<0>, C4<0>;
RS_000001d8e7172d38 .resolv tri, v000001d8e71bc400_0, v000001d8e71bbdc0_0;
L_000001d8e71d68f0 .functor BUFZ 5, RS_000001d8e7172d38, C4<00000>, C4<00000>, C4<00000>;
o000001d8e71749b8 .functor BUFZ 5, C4<zzzzz>; HiZ drive
L_000001d8e71d7300 .functor BUFZ 5, o000001d8e71749b8, C4<00000>, C4<00000>, C4<00000>;
L_000001d8e71d6ff0 .functor BUFZ 5, v000001d8e71b9270_0, C4<00000>, C4<00000>, C4<00000>;
L_000001d8e71d71b0 .functor BUFZ 5, v000001d8e71bc860_0, C4<00000>, C4<00000>, C4<00000>;
v000001d8e71c1bb0_0 .net "ALUControlD", 2 0, v000001d8e712f910_0;  alias, 1 drivers
v000001d8e71c0a30_0 .net "ALUResultM", 31 0, L_000001d8e7109030;  alias, 1 drivers
v000001d8e71c0990_0 .net "ALUSrcD", 0 0, L_000001d8e71d0440;  alias, 1 drivers
v000001d8e71c1890_0 .net "BranchD", 0 0, L_000001d8e71d1ca0;  alias, 1 drivers
v000001d8e71c1390_0 .net "FlushD", 0 0, L_000001d8e71d7680;  alias, 1 drivers
v000001d8e71c0ad0_0 .net "FlushE", 0 0, L_000001d8e71d7840;  alias, 1 drivers
v000001d8e71c0d50_0 .net "FowardAE", 1 0, L_000001d8e71d3a00;  alias, 1 drivers
v000001d8e71c0fd0_0 .net "FowardBE", 1 0, L_000001d8e71d3d20;  alias, 1 drivers
v000001d8e71c19d0_0 .net "ImmSrcD", 1 0, L_000001d8e71c7260;  alias, 1 drivers
v000001d8e71c1cf0_0 .net "InstrD", 31 0, L_000001d8e7108a10;  alias, 1 drivers
v000001d8e71c1a70_0 .net "InstrF", 31 0, L_000001d8e71d7290;  alias, 1 drivers
v000001d8e71c07b0_0 .net "JumpD", 0 0, L_000001d8e71d1520;  alias, 1 drivers
v000001d8e71c0030_0 .net "MemWriteD", 0 0, L_000001d8e71d1e80;  alias, 1 drivers
v000001d8e71c0b70_0 .net "MemWriteM", 0 0, L_000001d8e708f080;  alias, 1 drivers
v000001d8e71c0670_0 .net "PCF", 31 0, v000001d8e71b9a90_0;  alias, 1 drivers
v000001d8e71bfef0_0 .net "PCNext", 31 0, L_000001d8e71d22e0;  1 drivers
v000001d8e71bff90_0 .net "PCPlus4", 31 0, L_000001d8e71d2240;  1 drivers
v000001d8e71c1250_0 .net "PCSrcE", 0 0, L_000001d8e71d78b0;  alias, 1 drivers
v000001d8e71c12f0_0 .net "PCTarget", 31 0, L_000001d8e71d09e0;  1 drivers
v000001d8e71c0c10_0 .net "RdE", 4 0, o000001d8e7174718;  alias, 0 drivers
v000001d8e71c0cb0_0 .net "RdM", 4 0, L_000001d8e71d6ff0;  alias, 1 drivers
v000001d8e71c00d0_0 .net "RdW", 4 0, L_000001d8e71d71b0;  alias, 1 drivers
v000001d8e71c1b10_0 .net "ReadDataM", 31 0, L_000001d8e71d6d50;  alias, 1 drivers
o000001d8e7174118 .functor BUFZ 1, C4<z>; HiZ drive
v000001d8e71c0210_0 .net "RegWrite", 0 0, o000001d8e7174118;  0 drivers
v000001d8e71c16b0_0 .net "RegWriteD", 0 0, L_000001d8e71c7080;  alias, 1 drivers
v000001d8e71c0df0_0 .net "RegWriteM", 0 0, L_000001d8e71d7ae0;  alias, 1 drivers
v000001d8e71c02b0_0 .net "RegWriteW", 0 0, L_000001d8e71d7990;  alias, 1 drivers
v000001d8e71c0350_0 .net "ResultSrcD", 1 0, L_000001d8e71d0b20;  alias, 1 drivers
v000001d8e71c1070_0 .net "ResultSrcE", 0 0, L_000001d8e71d0800;  alias, 1 drivers
v000001d8e71c0530_0 .net "Rs1D", 4 0, o000001d8e7174838;  alias, 0 drivers
v000001d8e71c05d0_0 .net "Rs1E", 4 0, L_000001d8e71d68f0;  alias, 1 drivers
v000001d8e71c11b0_0 .net "Rs2D", 4 0, o000001d8e7174898;  alias, 0 drivers
v000001d8e71c1c50_0 .net "Rs2E", 4 0, L_000001d8e71d7300;  alias, 1 drivers
v000001d8e71c14d0_0 .net "SrcAE", 31 0, L_000001d8e71d0f80;  1 drivers
v000001d8e71c1570_0 .net "SrcBE", 31 0, L_000001d8e71d1a20;  1 drivers
v000001d8e71c1610_0 .net "StallD", 0 0, L_000001d8e71d3140;  alias, 1 drivers
v000001d8e71c1750_0 .net "StallF", 0 0, L_000001d8e71d3820;  alias, 1 drivers
v000001d8e71c17f0_0 .net "WriteDataM", 31 0, L_000001d8e7108e00;  alias, 1 drivers
v000001d8e71c1930_0 .net "ZeroE", 0 0, L_000001d8e71d1480;  1 drivers
v000001d8e71c3800_0 .net *"_ivl_0", 0 0, L_000001d8e7153a50;  1 drivers
v000001d8e71c39e0_0 .net "clk", 0 0, v000001d8e71c6e00_0;  alias, 1 drivers
v000001d8e71c2900_0 .net "reset", 0 0, v000001d8e71c7120_0;  alias, 1 drivers
v000001d8e71c33a0_0 .net "w_ALUControlD", 2 0, L_000001d8e7154230;  1 drivers
v000001d8e71c2ea0_0 .net "w_ALUControlE", 2 0, v000001d8e71b9090_0;  1 drivers
v000001d8e71c34e0_0 .net "w_ALUResultE", 31 0, v000001d8e71ba2b0_0;  1 drivers
v000001d8e71c3580_0 .net "w_ALUResultM", 31 0, v000001d8e71b8ff0_0;  1 drivers
v000001d8e71c2d60_0 .net "w_ALUResultW", 31 0, v000001d8e71bc180_0;  1 drivers
v000001d8e71c3440_0 .net "w_ALUSrcD", 0 0, L_000001d8e71542a0;  1 drivers
v000001d8e71c25e0_0 .net "w_ALUSrcE", 0 0, v000001d8e71bb960_0;  1 drivers
v000001d8e71c2e00_0 .net "w_BranchD", 0 0, L_000001d8e7153ac0;  1 drivers
v000001d8e71c2400_0 .net "w_BranchE", 0 0, v000001d8e71bca40_0;  1 drivers
v000001d8e71c3080_0 .net "w_ImmExtD", 31 0, v000001d8e71ba3f0_0;  1 drivers
v000001d8e71c3da0_0 .net "w_ImmExtE", 31 0, v000001d8e71bc4a0_0;  1 drivers
v000001d8e71c2180_0 .net "w_ImmSrcD", 1 0, L_000001d8e7154310;  1 drivers
v000001d8e71c2a40_0 .net "w_InstrD", 31 0, v000001d8e71bc220_0;  1 drivers
v000001d8e71c3940_0 .net "w_JumpD", 0 0, L_000001d8e7153dd0;  1 drivers
v000001d8e71c2f40_0 .net "w_JumpE", 0 0, v000001d8e71bbd20_0;  1 drivers
v000001d8e71c38a0_0 .net "w_MemWriteD", 0 0, L_000001d8e7153f20;  1 drivers
v000001d8e71c3620_0 .net "w_MemWriteE", 0 0, v000001d8e71bb500_0;  1 drivers
v000001d8e71c3300_0 .net "w_MemWriteM", 0 0, v000001d8e71ba7b0_0;  1 drivers
v000001d8e71c3c60_0 .net "w_PCD", 31 0, v000001d8e71bbf00_0;  1 drivers
v000001d8e71c20e0_0 .net "w_PCE", 31 0, v000001d8e71bb3c0_0;  1 drivers
v000001d8e71c2fe0_0 .net "w_PCPlus4D", 31 0, v000001d8e71bb000_0;  1 drivers
v000001d8e71c24a0_0 .net "w_PCPlus4E", 31 0, v000001d8e71bcb80_0;  1 drivers
v000001d8e71c2c20_0 .net "w_PCPlus4M", 31 0, v000001d8e71b9130_0;  1 drivers
v000001d8e71c3a80_0 .net "w_PCPlus4W", 31 0, v000001d8e71bb8c0_0;  1 drivers
v000001d8e71c36c0_0 .net "w_PCSrcE", 0 0, L_000001d8e7153ba0;  1 drivers
v000001d8e71c22c0_0 .net "w_RD1D", 31 0, L_000001d8e71d0a80;  1 drivers
v000001d8e71c3b20_0 .net "w_RD1E", 31 0, v000001d8e71bc900_0;  1 drivers
v000001d8e71c2cc0_0 .net "w_RD2D", 31 0, L_000001d8e71d0c60;  1 drivers
v000001d8e71c2360_0 .net "w_RD2E", 31 0, v000001d8e71bc360_0;  1 drivers
o000001d8e7172c78 .functor BUFZ 5, C4<zzzzz>; HiZ drive
v000001d8e71c2540_0 .net "w_RdD", 4 0, o000001d8e7172c78;  0 drivers
v000001d8e71c2220_0 .net "w_RdE", 4 0, v000001d8e71bc720_0;  1 drivers
v000001d8e71c3760_0 .net "w_RdM", 4 0, v000001d8e71b9270_0;  1 drivers
v000001d8e71c3bc0_0 .net "w_RdW", 4 0, v000001d8e71bc860_0;  1 drivers
v000001d8e71c3260_0 .net "w_ReadDataM", 31 0, L_000001d8e7154380;  1 drivers
v000001d8e71c1f00_0 .net "w_ReadDataW", 31 0, v000001d8e71bb280_0;  1 drivers
v000001d8e71c3d00_0 .net "w_RegWriteD", 0 0, L_000001d8e7153d60;  1 drivers
v000001d8e71c31c0_0 .net "w_RegWriteE", 0 0, v000001d8e71bc9a0_0;  1 drivers
v000001d8e71c1fa0_0 .net "w_RegWriteM", 0 0, v000001d8e71b9e50_0;  1 drivers
v000001d8e71c2040_0 .net "w_RegWriteW", 0 0, v000001d8e71bf240_0;  1 drivers
v000001d8e71c2680_0 .net "w_ResultSrcD", 1 0, L_000001d8e71541c0;  1 drivers
v000001d8e71c2720_0 .net "w_ResultSrcE", 1 0, v000001d8e71bbc80_0;  1 drivers
v000001d8e71c2ae0_0 .net "w_ResultSrcM", 1 0, v000001d8e71b9ef0_0;  1 drivers
v000001d8e71c27c0_0 .net "w_ResultSrcW", 1 0, v000001d8e71bdee0_0;  1 drivers
v000001d8e71c3120_0 .net "w_ResultW", 31 0, L_000001d8e71d1f20;  1 drivers
v000001d8e71c2860_0 .net8 "w_Rs1E", 4 0, RS_000001d8e7172d38;  2 drivers
v000001d8e71c29a0_0 .net "w_Rs2E", 4 0, o000001d8e71749b8;  0 drivers
v000001d8e71c2b80_0 .net "w_WriteDataE", 31 0, L_000001d8e71d2600;  1 drivers
v000001d8e71c5e60_0 .net "w_WriteDataM", 31 0, v000001d8e71ba170_0;  1 drivers
L_000001d8e71d0800 .part v000001d8e71bbc80_0, 0, 1;
L_000001d8e71d1340 .reduce/nor L_000001d8e71d3820;
L_000001d8e71d18e0 .reduce/nor L_000001d8e71d3140;
L_000001d8e71d2420 .part v000001d8e71bc220_0, 15, 5;
L_000001d8e71d0d00 .part v000001d8e71bc220_0, 20, 5;
L_000001d8e71d0da0 .part v000001d8e71bc220_0, 7, 5;
L_000001d8e71d1660 .part v000001d8e71bc220_0, 7, 25;
L_000001d8e71d0e40 .part v000001d8e71bc220_0, 15, 5;
L_000001d8e71d24c0 .part v000001d8e71bc220_0, 20, 5;
S_000001d8e70cfbf0 .scope module, "alu" "alu" 10 240, 11 1 0, S_000001d8e70d1080;
 .timescale 0 0;
    .port_info 0 /INPUT 32 "a";
    .port_info 1 /INPUT 32 "b";
    .port_info 2 /INPUT 3 "alucontrol";
    .port_info 3 /OUTPUT 32 "result";
    .port_info 4 /OUTPUT 1 "zero";
L_000001d8e71d7060 .functor NOT 32, L_000001d8e71d1a20, C4<00000000000000000000000000000000>, C4<00000000000000000000000000000000>, C4<00000000000000000000000000000000>;
L_000001d8e71d7370 .functor NOT 1, L_000001d8e71d10c0, C4<0>, C4<0>, C4<0>;
L_000001d8e71d6570 .functor NOT 1, L_000001d8e71cff40, C4<0>, C4<0>, C4<0>;
L_000001d8e71d77d0 .functor AND 1, L_000001d8e71d7370, L_000001d8e71d6570, C4<1>, C4<1>;
L_000001d8e71d6180 .functor NOT 1, L_000001d8e71d0120, C4<0>, C4<0>, C4<0>;
L_000001d8e71d6960 .functor AND 1, L_000001d8e71d6180, L_000001d8e71d1200, C4<1>, C4<1>;
L_000001d8e71d6420 .functor OR 1, L_000001d8e71d77d0, L_000001d8e71d6960, C4<0>, C4<0>;
L_000001d8e71d6f80 .functor XOR 1, L_000001d8e71d17a0, L_000001d8e71d0620, C4<0>, C4<0>;
L_000001d8e71d5f50 .functor XOR 1, L_000001d8e71d6f80, L_000001d8e71d12a0, C4<0>, C4<0>;
L_000001d8e71d6f10 .functor NOT 1, L_000001d8e71d5f50, C4<0>, C4<0>, C4<0>;
L_000001d8e71d6e30 .functor XOR 1, L_000001d8e71d06c0, L_000001d8e71d1980, C4<0>, C4<0>;
L_000001d8e71d7610 .functor AND 1, L_000001d8e71d6f10, L_000001d8e71d6e30, C4<1>, C4<1>;
L_000001d8e71d6880 .functor AND 1, L_000001d8e71d7610, L_000001d8e71d6420, C4<1>, C4<1>;
v000001d8e71b59d0_0 .net *"_ivl_1", 0 0, L_000001d8e71d1ac0;  1 drivers
v000001d8e71b5890_0 .net *"_ivl_10", 31 0, L_000001d8e71d0760;  1 drivers
L_000001d8e71d81e8 .functor BUFT 1, C4<0000000000000000000000000000000>, C4<0>, C4<0>, C4<0>;
v000001d8e71b5d90_0 .net *"_ivl_13", 30 0, L_000001d8e71d81e8;  1 drivers
v000001d8e71b61f0_0 .net *"_ivl_17", 0 0, L_000001d8e71d10c0;  1 drivers
v000001d8e71b4e90_0 .net *"_ivl_18", 0 0, L_000001d8e71d7370;  1 drivers
v000001d8e71b6290_0 .net *"_ivl_2", 31 0, L_000001d8e71d7060;  1 drivers
v000001d8e71b5ed0_0 .net *"_ivl_21", 0 0, L_000001d8e71cff40;  1 drivers
v000001d8e71b4b70_0 .net *"_ivl_22", 0 0, L_000001d8e71d6570;  1 drivers
v000001d8e71b63d0_0 .net *"_ivl_24", 0 0, L_000001d8e71d77d0;  1 drivers
v000001d8e71b4d50_0 .net *"_ivl_27", 0 0, L_000001d8e71d0120;  1 drivers
v000001d8e71b5f70_0 .net *"_ivl_28", 0 0, L_000001d8e71d6180;  1 drivers
v000001d8e71b6470_0 .net *"_ivl_31", 0 0, L_000001d8e71d1200;  1 drivers
v000001d8e71b66f0_0 .net *"_ivl_32", 0 0, L_000001d8e71d6960;  1 drivers
L_000001d8e71d8230 .functor BUFT 1, C4<00000000000000000000000000000000>, C4<0>, C4<0>, C4<0>;
v000001d8e71b5750_0 .net/2u *"_ivl_36", 31 0, L_000001d8e71d8230;  1 drivers
v000001d8e71b6790_0 .net *"_ivl_41", 0 0, L_000001d8e71d17a0;  1 drivers
v000001d8e71b4fd0_0 .net *"_ivl_43", 0 0, L_000001d8e71d0620;  1 drivers
v000001d8e71b5070_0 .net *"_ivl_44", 0 0, L_000001d8e71d6f80;  1 drivers
v000001d8e71b51b0_0 .net *"_ivl_47", 0 0, L_000001d8e71d12a0;  1 drivers
v000001d8e71b5930_0 .net *"_ivl_48", 0 0, L_000001d8e71d5f50;  1 drivers
v000001d8e71b52f0_0 .net *"_ivl_50", 0 0, L_000001d8e71d6f10;  1 drivers
v000001d8e71b5390_0 .net *"_ivl_53", 0 0, L_000001d8e71d06c0;  1 drivers
v000001d8e71b5430_0 .net *"_ivl_55", 0 0, L_000001d8e71d1980;  1 drivers
v000001d8e71b54d0_0 .net *"_ivl_56", 0 0, L_000001d8e71d6e30;  1 drivers
v000001d8e71b57f0_0 .net *"_ivl_58", 0 0, L_000001d8e71d7610;  1 drivers
v000001d8e71baa30_0 .net *"_ivl_6", 31 0, L_000001d8e71d0580;  1 drivers
v000001d8e71b8eb0_0 .net *"_ivl_9", 0 0, L_000001d8e71d1700;  1 drivers
v000001d8e71b9f90_0 .net "a", 31 0, L_000001d8e71d0f80;  alias, 1 drivers
v000001d8e71b94f0_0 .net "alucontrol", 2 0, v000001d8e71b9090_0;  alias, 1 drivers
v000001d8e71b8f50_0 .net "b", 31 0, L_000001d8e71d1a20;  alias, 1 drivers
v000001d8e71b9c70_0 .net "condinvb", 31 0, L_000001d8e71d1020;  1 drivers
v000001d8e71ba210_0 .net "isAddSub", 0 0, L_000001d8e71d6420;  1 drivers
v000001d8e71ba2b0_0 .var "result", 31 0;
v000001d8e71ba350_0 .net "sum", 31 0, L_000001d8e71d0080;  1 drivers
v000001d8e71b9db0_0 .net "v", 0 0, L_000001d8e71d6880;  1 drivers
v000001d8e71b9bd0_0 .net "zero", 0 0, L_000001d8e71d1480;  alias, 1 drivers
E_000001d8e7144a90/0 .event anyedge, v000001d8e71b94f0_0, v000001d8e71ba350_0, v000001d8e71b9f90_0, v000001d8e71b8f50_0;
E_000001d8e7144a90/1 .event anyedge, v000001d8e71b9db0_0;
E_000001d8e7144a90 .event/or E_000001d8e7144a90/0, E_000001d8e7144a90/1;
L_000001d8e71d1ac0 .part v000001d8e71b9090_0, 0, 1;
L_000001d8e71d1020 .functor MUXZ 32, L_000001d8e71d1a20, L_000001d8e71d7060, L_000001d8e71d1ac0, C4<>;
L_000001d8e71d0580 .arith/sum 32, L_000001d8e71d0f80, L_000001d8e71d1020;
L_000001d8e71d1700 .part v000001d8e71b9090_0, 0, 1;
L_000001d8e71d0760 .concat [ 1 31 0 0], L_000001d8e71d1700, L_000001d8e71d81e8;
L_000001d8e71d0080 .arith/sum 32, L_000001d8e71d0580, L_000001d8e71d0760;
L_000001d8e71d10c0 .part v000001d8e71b9090_0, 2, 1;
L_000001d8e71cff40 .part v000001d8e71b9090_0, 1, 1;
L_000001d8e71d0120 .part v000001d8e71b9090_0, 1, 1;
L_000001d8e71d1200 .part v000001d8e71b9090_0, 0, 1;
L_000001d8e71d1480 .cmp/eq 32, v000001d8e71ba2b0_0, L_000001d8e71d8230;
L_000001d8e71d17a0 .part v000001d8e71b9090_0, 0, 1;
L_000001d8e71d0620 .part L_000001d8e71d0f80, 31, 1;
L_000001d8e71d12a0 .part L_000001d8e71d1a20, 31, 1;
L_000001d8e71d06c0 .part L_000001d8e71d0f80, 31, 1;
L_000001d8e71d1980 .part L_000001d8e71d0080, 31, 1;
S_000001d8e71bab50 .scope module, "ext" "extend" 10 140, 12 1 0, S_000001d8e70d1080;
 .timescale 0 0;
    .port_info 0 /INPUT 25 "instr";
    .port_info 1 /INPUT 2 "immsrc";
    .port_info 2 /OUTPUT 32 "immext";
v000001d8e71ba3f0_0 .var "immext", 31 0;
v000001d8e71ba0d0_0 .net "immsrc", 1 0, L_000001d8e7154310;  alias, 1 drivers
v000001d8e71ba530_0 .net "instr", 31 7, L_000001d8e71d1660;  1 drivers
E_000001d8e7144dd0 .event anyedge, v000001d8e71ba0d0_0, v000001d8e71ba530_0;
S_000001d8e71bace0 .scope module, "pcadd4" "adder" 10 92, 13 1 0, S_000001d8e70d1080;
 .timescale 0 0;
    .port_info 0 /INPUT 32 "a";
    .port_info 1 /INPUT 32 "b";
    .port_info 2 /OUTPUT 32 "y";
v000001d8e71ba030_0 .net "a", 31 0, v000001d8e71b9a90_0;  alias, 1 drivers
L_000001d8e71d7f18 .functor BUFT 1, C4<00000000000000000000000000000100>, C4<0>, C4<0>, C4<0>;
v000001d8e71b8cd0_0 .net "b", 31 0, L_000001d8e71d7f18;  1 drivers
v000001d8e71ba490_0 .net "y", 31 0, L_000001d8e71d2240;  alias, 1 drivers
L_000001d8e71d2240 .arith/sum 32, v000001d8e71b9a90_0, L_000001d8e71d7f18;
S_000001d8e70cd760 .scope module, "pcaddbranch" "adder" 10 98, 13 1 0, S_000001d8e70d1080;
 .timescale 0 0;
    .port_info 0 /INPUT 32 "a";
    .port_info 1 /INPUT 32 "b";
    .port_info 2 /OUTPUT 32 "y";
v000001d8e71b9b30_0 .net "a", 31 0, v000001d8e71bb3c0_0;  alias, 1 drivers
v000001d8e71b8b90_0 .net "b", 31 0, v000001d8e71bc4a0_0;  alias, 1 drivers
v000001d8e71ba8f0_0 .net "y", 31 0, L_000001d8e71d09e0;  alias, 1 drivers
L_000001d8e71d09e0 .arith/sum 32, v000001d8e71bb3c0_0, v000001d8e71bc4a0_0;
S_000001d8e70cd8f0 .scope module, "pcmux" "mux2" 10 104, 14 1 0, S_000001d8e70d1080;
 .timescale 0 0;
    .port_info 0 /INPUT 32 "d0";
    .port_info 1 /INPUT 32 "d1";
    .port_info 2 /INPUT 1 "s";
    .port_info 3 /OUTPUT 32 "y";
P_000001d8e7145390 .param/l "WIDTH" 0 14 1, +C4<00000000000000000000000000100000>;
v000001d8e71ba990_0 .net "d0", 31 0, L_000001d8e71d2240;  alias, 1 drivers
v000001d8e71b9770_0 .net "d1", 31 0, L_000001d8e71d09e0;  alias, 1 drivers
v000001d8e71b9630_0 .net "s", 0 0, L_000001d8e71d78b0;  alias, 1 drivers
v000001d8e71ba5d0_0 .net "y", 31 0, L_000001d8e71d22e0;  alias, 1 drivers
L_000001d8e71d22e0 .functor MUXZ 32, L_000001d8e71d2240, L_000001d8e71d09e0, L_000001d8e71d78b0, C4<>;
S_000001d8e70c8b50 .scope module, "pcreg" "flopr" 10 84, 15 1 0, S_000001d8e70d1080;
 .timescale 0 0;
    .port_info 0 /INPUT 1 "clk";
    .port_info 1 /INPUT 1 "reset";
    .port_info 2 /INPUT 1 "enable";
    .port_info 3 /INPUT 32 "d";
    .port_info 4 /OUTPUT 32 "q";
P_000001d8e7145210 .param/l "WIDTH" 0 15 1, +C4<00000000000000000000000000100000>;
v000001d8e71b9950_0 .net "clk", 0 0, v000001d8e71c6e00_0;  alias, 1 drivers
v000001d8e71ba710_0 .net "d", 31 0, L_000001d8e71d22e0;  alias, 1 drivers
v000001d8e71b8d70_0 .net "enable", 0 0, L_000001d8e71d1340;  1 drivers
v000001d8e71b9a90_0 .var "q", 31 0;
v000001d8e71b8c30_0 .net "reset", 0 0, v000001d8e71c7120_0;  alias, 1 drivers
E_000001d8e71453d0 .event posedge, v000001d8e71b8c30_0, v000001d8e715d370_0;
S_000001d8e70c8ce0 .scope module, "reg_EX_MEM" "reg_EX_MEM" 10 259, 16 1 0, S_000001d8e70d1080;
 .timescale 0 0;
    .port_info 0 /INPUT 1 "clock";
    .port_info 1 /INPUT 1 "reset";
    .port_info 2 /INPUT 1 "enable";
    .port_info 3 /INPUT 1 "flush";
    .port_info 4 /INPUT 1 "RegWriteE";
    .port_info 5 /INPUT 2 "ResultSrcE";
    .port_info 6 /INPUT 1 "MemWriteE";
    .port_info 7 /INPUT 32 "ALUResultE";
    .port_info 8 /INPUT 32 "WriteDataE";
    .port_info 9 /INPUT 5 "RdE";
    .port_info 10 /INPUT 32 "PCPlus4E";
    .port_info 11 /OUTPUT 1 "RegWriteM";
    .port_info 12 /OUTPUT 2 "ResultSrcM";
    .port_info 13 /OUTPUT 1 "MemWriteM";
    .port_info 14 /OUTPUT 32 "ALUResultM";
    .port_info 15 /OUTPUT 32 "WriteDataM";
    .port_info 16 /OUTPUT 5 "RdM";
    .port_info 17 /OUTPUT 32 "PCPlus4M";
v000001d8e71b98b0_0 .net "ALUResultE", 31 0, v000001d8e71ba2b0_0;  alias, 1 drivers
v000001d8e71b8ff0_0 .var "ALUResultM", 31 0;
v000001d8e71b8e10_0 .net "MemWriteE", 0 0, v000001d8e71bb500_0;  alias, 1 drivers
v000001d8e71ba7b0_0 .var "MemWriteM", 0 0;
v000001d8e71ba670_0 .net "PCPlus4E", 31 0, v000001d8e71bcb80_0;  alias, 1 drivers
v000001d8e71b9130_0 .var "PCPlus4M", 31 0;
v000001d8e71b96d0_0 .net "RdE", 4 0, v000001d8e71bc720_0;  alias, 1 drivers
v000001d8e71b9270_0 .var "RdM", 4 0;
v000001d8e71ba850_0 .net "RegWriteE", 0 0, v000001d8e71bc9a0_0;  alias, 1 drivers
v000001d8e71b9e50_0 .var "RegWriteM", 0 0;
v000001d8e71b9d10_0 .net "ResultSrcE", 1 0, v000001d8e71bbc80_0;  alias, 1 drivers
v000001d8e71b9ef0_0 .var "ResultSrcM", 1 0;
v000001d8e71b91d0_0 .net "WriteDataE", 31 0, L_000001d8e71d2600;  alias, 1 drivers
v000001d8e71ba170_0 .var "WriteDataM", 31 0;
o000001d8e71725b8 .functor BUFZ 1, C4<z>; HiZ drive
v000001d8e71b99f0_0 .net "clock", 0 0, o000001d8e71725b8;  0 drivers
o000001d8e71725e8 .functor BUFZ 1, C4<z>; HiZ drive
v000001d8e71b9310_0 .net "enable", 0 0, o000001d8e71725e8;  0 drivers
o000001d8e7172618 .functor BUFZ 1, C4<z>; HiZ drive
v000001d8e71b93b0_0 .net "flush", 0 0, o000001d8e7172618;  0 drivers
o000001d8e7172648 .functor BUFZ 1, C4<z>; HiZ drive
v000001d8e71b9450_0 .net "reset", 0 0, o000001d8e7172648;  0 drivers
E_000001d8e7145350 .event posedge, v000001d8e71b9450_0, v000001d8e71b99f0_0;
S_000001d8e70c66c0 .scope module, "reg_ID_EX" "reg_ID_EX" 10 177, 17 1 0, S_000001d8e70d1080;
 .timescale 0 0;
    .port_info 0 /INPUT 1 "clock";
    .port_info 1 /INPUT 1 "reset";
    .port_info 2 /INPUT 1 "enable";
    .port_info 3 /INPUT 1 "flush";
    .port_info 4 /INPUT 1 "RegWriteD";
    .port_info 5 /INPUT 2 "ResultSrcD";
    .port_info 6 /INPUT 1 "MemWriteD";
    .port_info 7 /INPUT 1 "JumpD";
    .port_info 8 /INPUT 1 "BranchD";
    .port_info 9 /INPUT 3 "ALUControlD";
    .port_info 10 /INPUT 1 "ALUSrcD";
    .port_info 11 /INPUT 32 "RD1D";
    .port_info 12 /INPUT 32 "RD2D";
    .port_info 13 /INPUT 32 "PCD";
    .port_info 14 /INPUT 32 "ImmExtD";
    .port_info 15 /INPUT 32 "PCPlus4D";
    .port_info 16 /INPUT 5 "RdD";
    .port_info 17 /INPUT 5 "Rs1D";
    .port_info 18 /INPUT 5 "Rs2D";
    .port_info 19 /OUTPUT 1 "RegWriteE";
    .port_info 20 /OUTPUT 2 "ResultSrcE";
    .port_info 21 /OUTPUT 1 "MemWriteE";
    .port_info 22 /OUTPUT 1 "JumpE";
    .port_info 23 /OUTPUT 1 "BranchE";
    .port_info 24 /OUTPUT 3 "ALUControlE";
    .port_info 25 /OUTPUT 1 "ALUSrcE";
    .port_info 26 /OUTPUT 32 "RD1E";
    .port_info 27 /OUTPUT 32 "RD2E";
    .port_info 28 /OUTPUT 32 "PCE";
    .port_info 29 /OUTPUT 32 "ImmExtE";
    .port_info 30 /OUTPUT 32 "PCPlus4E";
    .port_info 31 /OUTPUT 5 "RdE";
    .port_info 32 /OUTPUT 5 "Rs1E";
    .port_info 33 /OUTPUT 5 "Rs2E";
v000001d8e71b9810_0 .net "ALUControlD", 2 0, L_000001d8e7154230;  alias, 1 drivers
v000001d8e71b9090_0 .var "ALUControlE", 2 0;
v000001d8e71bc680_0 .net "ALUSrcD", 0 0, L_000001d8e71542a0;  alias, 1 drivers
v000001d8e71bb960_0 .var "ALUSrcE", 0 0;
v000001d8e71bcae0_0 .net "BranchD", 0 0, L_000001d8e7153ac0;  alias, 1 drivers
v000001d8e71bca40_0 .var "BranchE", 0 0;
v000001d8e71bbe60_0 .net "ImmExtD", 31 0, v000001d8e71ba3f0_0;  alias, 1 drivers
v000001d8e71bc4a0_0 .var "ImmExtE", 31 0;
v000001d8e71bc540_0 .net "JumpD", 0 0, L_000001d8e7153dd0;  alias, 1 drivers
v000001d8e71bbd20_0 .var "JumpE", 0 0;
v000001d8e71bbfa0_0 .net "MemWriteD", 0 0, L_000001d8e7153f20;  alias, 1 drivers
v000001d8e71bb500_0 .var "MemWriteE", 0 0;
v000001d8e71bb140_0 .net "PCD", 31 0, v000001d8e71bbf00_0;  alias, 1 drivers
v000001d8e71bb3c0_0 .var "PCE", 31 0;
v000001d8e71bbbe0_0 .net "PCPlus4D", 31 0, v000001d8e71bb000_0;  alias, 1 drivers
v000001d8e71bcb80_0 .var "PCPlus4E", 31 0;
v000001d8e71bba00_0 .net "RD1D", 31 0, L_000001d8e71d0a80;  alias, 1 drivers
v000001d8e71bc900_0 .var "RD1E", 31 0;
v000001d8e71bc040_0 .net "RD2D", 31 0, L_000001d8e71d0c60;  alias, 1 drivers
v000001d8e71bc360_0 .var "RD2E", 31 0;
v000001d8e71bbaa0_0 .net "RdD", 4 0, o000001d8e7172c78;  alias, 0 drivers
v000001d8e71bc720_0 .var "RdE", 4 0;
v000001d8e71bbb40_0 .net "RegWriteD", 0 0, L_000001d8e7153d60;  alias, 1 drivers
v000001d8e71bc9a0_0 .var "RegWriteE", 0 0;
v000001d8e71bb460_0 .net "ResultSrcD", 1 0, L_000001d8e71541c0;  alias, 1 drivers
v000001d8e71bbc80_0 .var "ResultSrcE", 1 0;
v000001d8e71bcc20_0 .net "Rs1D", 4 0, L_000001d8e71d0e40;  1 drivers
v000001d8e71bc400_0 .var "Rs1E", 4 0;
v000001d8e71bb0a0_0 .net "Rs2D", 4 0, L_000001d8e71d24c0;  1 drivers
v000001d8e71bbdc0_0 .var "Rs2E", 4 0;
v000001d8e71bc2c0_0 .net "clock", 0 0, v000001d8e71c6e00_0;  alias, 1 drivers
L_000001d8e71d81a0 .functor BUFT 1, C4<1>, C4<0>, C4<0>, C4<0>;
v000001d8e71bb320_0 .net "enable", 0 0, L_000001d8e71d81a0;  1 drivers
v000001d8e71bccc0_0 .net "flush", 0 0, L_000001d8e71d7840;  alias, 1 drivers
v000001d8e71bb640_0 .net "reset", 0 0, v000001d8e71c7120_0;  alias, 1 drivers
S_000001d8e71bdce0 .scope module, "reg_IF_ID" "reg_IF_ID" 10 111, 18 1 0, S_000001d8e70d1080;
 .timescale 0 0;
    .port_info 0 /INPUT 1 "clock";
    .port_info 1 /INPUT 1 "reset";
    .port_info 2 /INPUT 1 "enable";
    .port_info 3 /INPUT 1 "flush";
    .port_info 4 /INPUT 32 "InstrF";
    .port_info 5 /INPUT 32 "PCF";
    .port_info 6 /INPUT 32 "PCPlus4F";
    .port_info 7 /OUTPUT 32 "InstrD";
    .port_info 8 /OUTPUT 32 "PCD";
    .port_info 9 /OUTPUT 32 "PCPlus4D";
v000001d8e71bc220_0 .var "InstrD", 31 0;
v000001d8e71bcd60_0 .net "InstrF", 31 0, L_000001d8e71d7290;  alias, 1 drivers
v000001d8e71bbf00_0 .var "PCD", 31 0;
v000001d8e71bc5e0_0 .net "PCF", 31 0, v000001d8e71b9a90_0;  alias, 1 drivers
v000001d8e71bb000_0 .var "PCPlus4D", 31 0;
v000001d8e71baec0_0 .net "PCPlus4F", 31 0, L_000001d8e71d2240;  alias, 1 drivers
v000001d8e71bc0e0_0 .net "clock", 0 0, v000001d8e71c6e00_0;  alias, 1 drivers
v000001d8e71bb5a0_0 .net "enable", 0 0, L_000001d8e71d18e0;  1 drivers
v000001d8e71baf60_0 .net "flush", 0 0, L_000001d8e71d7680;  alias, 1 drivers
v000001d8e71bb6e0_0 .net "reset", 0 0, v000001d8e71c7120_0;  alias, 1 drivers
S_000001d8e71bd510 .scope module, "reg_MEM_WB" "reg_MEM_WB" 10 286, 19 1 0, S_000001d8e70d1080;
 .timescale 0 0;
    .port_info 0 /INPUT 1 "clock";
    .port_info 1 /INPUT 1 "reset";
    .port_info 2 /INPUT 1 "enable";
    .port_info 3 /INPUT 1 "flush";
    .port_info 4 /INPUT 1 "RegWriteM";
    .port_info 5 /INPUT 2 "ResultSrcM";
    .port_info 6 /INPUT 32 "ALUResultM";
    .port_info 7 /INPUT 32 "ReadDataM";
    .port_info 8 /INPUT 5 "RdM";
    .port_info 9 /INPUT 32 "PCPlus4M";
    .port_info 10 /OUTPUT 1 "RegWriteW";
    .port_info 11 /OUTPUT 2 "ResultSrcW";
    .port_info 12 /OUTPUT 32 "ALUResultW";
    .port_info 13 /OUTPUT 32 "ReadDataW";
    .port_info 14 /OUTPUT 5 "RdW";
    .port_info 15 /OUTPUT 32 "PCPlus4W";
v000001d8e71bb780_0 .net "ALUResultM", 31 0, v000001d8e71b8ff0_0;  alias, 1 drivers
v000001d8e71bc180_0 .var "ALUResultW", 31 0;
v000001d8e71bb820_0 .net "PCPlus4M", 31 0, v000001d8e71b9130_0;  alias, 1 drivers
v000001d8e71bb8c0_0 .var "PCPlus4W", 31 0;
v000001d8e71bc7c0_0 .net "RdM", 4 0, v000001d8e71b9270_0;  alias, 1 drivers
v000001d8e71bc860_0 .var "RdW", 4 0;
v000001d8e71bb1e0_0 .net "ReadDataM", 31 0, L_000001d8e7154380;  alias, 1 drivers
v000001d8e71bb280_0 .var "ReadDataW", 31 0;
v000001d8e71bdf80_0 .net "RegWriteM", 0 0, v000001d8e71b9e50_0;  alias, 1 drivers
v000001d8e71bf240_0 .var "RegWriteW", 0 0;
v000001d8e71be8e0_0 .net "ResultSrcM", 1 0, v000001d8e71b9ef0_0;  alias, 1 drivers
v000001d8e71bdee0_0 .var "ResultSrcW", 1 0;
o000001d8e7173818 .functor BUFZ 1, C4<z>; HiZ drive
v000001d8e71bf920_0 .net "clock", 0 0, o000001d8e7173818;  0 drivers
o000001d8e7173848 .functor BUFZ 1, C4<z>; HiZ drive
v000001d8e71be0c0_0 .net "enable", 0 0, o000001d8e7173848;  0 drivers
o000001d8e7173878 .functor BUFZ 1, C4<z>; HiZ drive
v000001d8e71bf9c0_0 .net "flush", 0 0, o000001d8e7173878;  0 drivers
o000001d8e71738a8 .functor BUFZ 1, C4<z>; HiZ drive
v000001d8e71bf7e0_0 .net "reset", 0 0, o000001d8e71738a8;  0 drivers
E_000001d8e7145910 .event posedge, v000001d8e71bf7e0_0, v000001d8e71bf920_0;
S_000001d8e71bd060 .scope module, "resultmux" "mux3" 10 303, 20 1 0, S_000001d8e70d1080;
 .timescale 0 0;
    .port_info 0 /INPUT 32 "d0";
    .port_info 1 /INPUT 32 "d1";
    .port_info 2 /INPUT 32 "d2";
    .port_info 3 /INPUT 2 "s";
    .port_info 4 /OUTPUT 32 "y";
P_000001d8e7145e10 .param/l "WIDTH" 0 20 1, +C4<00000000000000000000000000100000>;
v000001d8e71bf4c0_0 .net *"_ivl_1", 0 0, L_000001d8e71d1b60;  1 drivers
v000001d8e71be160_0 .net *"_ivl_3", 0 0, L_000001d8e71d1de0;  1 drivers
v000001d8e71bf880_0 .net *"_ivl_4", 31 0, L_000001d8e71d1c00;  1 drivers
v000001d8e71be020_0 .net "d0", 31 0, v000001d8e71bc180_0;  alias, 1 drivers
v000001d8e71be3e0_0 .net "d1", 31 0, v000001d8e71bb280_0;  alias, 1 drivers
v000001d8e71be200_0 .net "d2", 31 0, v000001d8e71bb8c0_0;  alias, 1 drivers
v000001d8e71bf2e0_0 .net "s", 1 0, v000001d8e71bdee0_0;  alias, 1 drivers
v000001d8e71be2a0_0 .net "y", 31 0, L_000001d8e71d1f20;  alias, 1 drivers
L_000001d8e71d1b60 .part v000001d8e71bdee0_0, 1, 1;
L_000001d8e71d1de0 .part v000001d8e71bdee0_0, 0, 1;
L_000001d8e71d1c00 .functor MUXZ 32, v000001d8e71bc180_0, v000001d8e71bb280_0, L_000001d8e71d1de0, C4<>;
L_000001d8e71d1f20 .functor MUXZ 32, L_000001d8e71d1c00, v000001d8e71bb8c0_0, L_000001d8e71d1b60, C4<>;
S_000001d8e71bced0 .scope module, "rf" "regfile" 10 129, 21 1 0, S_000001d8e70d1080;
 .timescale 0 0;
    .port_info 0 /INPUT 1 "clk";
    .port_info 1 /INPUT 1 "we3";
    .port_info 2 /INPUT 5 "a1";
    .port_info 3 /INPUT 5 "a2";
    .port_info 4 /INPUT 5 "a3";
    .port_info 5 /INPUT 32 "wd3";
    .port_info 6 /OUTPUT 32 "rd1";
    .port_info 7 /OUTPUT 32 "rd2";
v000001d8e71bf6a0_0 .net *"_ivl_0", 31 0, L_000001d8e71d1d40;  1 drivers
v000001d8e71bf380_0 .net *"_ivl_10", 6 0, L_000001d8e71d2380;  1 drivers
L_000001d8e71d7ff0 .functor BUFT 1, C4<00>, C4<0>, C4<0>, C4<0>;
v000001d8e71bf560_0 .net *"_ivl_13", 1 0, L_000001d8e71d7ff0;  1 drivers
L_000001d8e71d8038 .functor BUFT 1, C4<00000000000000000000000000000000>, C4<0>, C4<0>, C4<0>;
v000001d8e71be340_0 .net/2u *"_ivl_14", 31 0, L_000001d8e71d8038;  1 drivers
v000001d8e71be980_0 .net *"_ivl_18", 31 0, L_000001d8e71d03a0;  1 drivers
L_000001d8e71d8080 .functor BUFT 1, C4<000000000000000000000000000>, C4<0>, C4<0>, C4<0>;
v000001d8e71bf420_0 .net *"_ivl_21", 26 0, L_000001d8e71d8080;  1 drivers
L_000001d8e71d80c8 .functor BUFT 1, C4<00000000000000000000000000000000>, C4<0>, C4<0>, C4<0>;
v000001d8e71beb60_0 .net/2u *"_ivl_22", 31 0, L_000001d8e71d80c8;  1 drivers
v000001d8e71bec00_0 .net *"_ivl_24", 0 0, L_000001d8e71d1840;  1 drivers
v000001d8e71be480_0 .net *"_ivl_26", 31 0, L_000001d8e71cffe0;  1 drivers
v000001d8e71be520_0 .net *"_ivl_28", 6 0, L_000001d8e71d0940;  1 drivers
L_000001d8e71d7f60 .functor BUFT 1, C4<000000000000000000000000000>, C4<0>, C4<0>, C4<0>;
v000001d8e71be840_0 .net *"_ivl_3", 26 0, L_000001d8e71d7f60;  1 drivers
L_000001d8e71d8110 .functor BUFT 1, C4<00>, C4<0>, C4<0>, C4<0>;
v000001d8e71bea20_0 .net *"_ivl_31", 1 0, L_000001d8e71d8110;  1 drivers
L_000001d8e71d8158 .functor BUFT 1, C4<00000000000000000000000000000000>, C4<0>, C4<0>, C4<0>;
v000001d8e71bf100_0 .net/2u *"_ivl_32", 31 0, L_000001d8e71d8158;  1 drivers
L_000001d8e71d7fa8 .functor BUFT 1, C4<00000000000000000000000000000000>, C4<0>, C4<0>, C4<0>;
v000001d8e71be5c0_0 .net/2u *"_ivl_4", 31 0, L_000001d8e71d7fa8;  1 drivers
v000001d8e71be7a0_0 .net *"_ivl_6", 0 0, L_000001d8e71d04e0;  1 drivers
v000001d8e71be660_0 .net *"_ivl_8", 31 0, L_000001d8e71d15c0;  1 drivers
v000001d8e71be700_0 .net "a1", 4 0, L_000001d8e71d2420;  1 drivers
v000001d8e71beac0_0 .net "a2", 4 0, L_000001d8e71d0d00;  1 drivers
v000001d8e71bf600_0 .net "a3", 4 0, L_000001d8e71d0da0;  1 drivers
v000001d8e71beca0_0 .net "clk", 0 0, v000001d8e71c6e00_0;  alias, 1 drivers
v000001d8e71bf740_0 .net "rd1", 31 0, L_000001d8e71d0a80;  alias, 1 drivers
v000001d8e71bed40_0 .net "rd2", 31 0, L_000001d8e71d0c60;  alias, 1 drivers
v000001d8e71bede0 .array "rf", 31 0, 31 0;
v000001d8e71bee80_0 .net "wd3", 31 0, L_000001d8e71d1f20;  alias, 1 drivers
v000001d8e71bfa60_0 .net "we3", 0 0, o000001d8e7174118;  alias, 0 drivers
L_000001d8e71d1d40 .concat [ 5 27 0 0], L_000001d8e71d2420, L_000001d8e71d7f60;
L_000001d8e71d04e0 .cmp/ne 32, L_000001d8e71d1d40, L_000001d8e71d7fa8;
L_000001d8e71d15c0 .array/port v000001d8e71bede0, L_000001d8e71d2380;
L_000001d8e71d2380 .concat [ 5 2 0 0], L_000001d8e71d2420, L_000001d8e71d7ff0;
L_000001d8e71d0a80 .functor MUXZ 32, L_000001d8e71d8038, L_000001d8e71d15c0, L_000001d8e71d04e0, C4<>;
L_000001d8e71d03a0 .concat [ 5 27 0 0], L_000001d8e71d0d00, L_000001d8e71d8080;
L_000001d8e71d1840 .cmp/ne 32, L_000001d8e71d03a0, L_000001d8e71d80c8;
L_000001d8e71cffe0 .array/port v000001d8e71bede0, L_000001d8e71d0940;
L_000001d8e71d0940 .concat [ 5 2 0 0], L_000001d8e71d0d00, L_000001d8e71d8110;
L_000001d8e71d0c60 .functor MUXZ 32, L_000001d8e71d8158, L_000001d8e71cffe0, L_000001d8e71d1840, C4<>;
S_000001d8e71bd6a0 .scope module, "srcaEmux" "mux3" 10 222, 20 1 0, S_000001d8e70d1080;
 .timescale 0 0;
    .port_info 0 /INPUT 32 "d0";
    .port_info 1 /INPUT 32 "d1";
    .port_info 2 /INPUT 32 "d2";
    .port_info 3 /INPUT 2 "s";
    .port_info 4 /OUTPUT 32 "y";
P_000001d8e7145250 .param/l "WIDTH" 0 20 1, +C4<00000000000000000000000000100000>;
v000001d8e71bef20_0 .net *"_ivl_1", 0 0, L_000001d8e71d0300;  1 drivers
v000001d8e71bfb00_0 .net *"_ivl_3", 0 0, L_000001d8e71d26a0;  1 drivers
v000001d8e71bfba0_0 .net *"_ivl_4", 31 0, L_000001d8e71d13e0;  1 drivers
v000001d8e71befc0_0 .net "d0", 31 0, v000001d8e71bc900_0;  alias, 1 drivers
v000001d8e71bf1a0_0 .net "d1", 31 0, L_000001d8e71d1f20;  alias, 1 drivers
v000001d8e71bf060_0 .net "d2", 31 0, v000001d8e71b8ff0_0;  alias, 1 drivers
v000001d8e71bfc40_0 .net "s", 1 0, L_000001d8e71d3d20;  alias, 1 drivers
v000001d8e71bfce0_0 .net "y", 31 0, L_000001d8e71d0f80;  alias, 1 drivers
L_000001d8e71d0300 .part L_000001d8e71d3d20, 1, 1;
L_000001d8e71d26a0 .part L_000001d8e71d3d20, 0, 1;
L_000001d8e71d13e0 .functor MUXZ 32, v000001d8e71bc900_0, L_000001d8e71d1f20, L_000001d8e71d26a0, C4<>;
L_000001d8e71d0f80 .functor MUXZ 32, L_000001d8e71d13e0, v000001d8e71b8ff0_0, L_000001d8e71d0300, C4<>;
S_000001d8e71bd830 .scope module, "srcbEmux" "mux2" 10 231, 14 1 0, S_000001d8e70d1080;
 .timescale 0 0;
    .port_info 0 /INPUT 32 "d0";
    .port_info 1 /INPUT 32 "d1";
    .port_info 2 /INPUT 1 "s";
    .port_info 3 /OUTPUT 32 "y";
P_000001d8e7145650 .param/l "WIDTH" 0 14 1, +C4<00000000000000000000000000100000>;
v000001d8e71bfd80_0 .net "d0", 31 0, L_000001d8e71d2600;  alias, 1 drivers
v000001d8e71c0850_0 .net "d1", 31 0, v000001d8e71bc4a0_0;  alias, 1 drivers
v000001d8e71c03f0_0 .net "s", 0 0, v000001d8e71bb960_0;  alias, 1 drivers
v000001d8e71c0710_0 .net "y", 31 0, L_000001d8e71d1a20;  alias, 1 drivers
L_000001d8e71d1a20 .functor MUXZ 32, L_000001d8e71d2600, v000001d8e71bc4a0_0, v000001d8e71bb960_0, C4<>;
S_000001d8e71bd9c0 .scope module, "writeDataEmux" "mux3" 10 214, 20 1 0, S_000001d8e70d1080;
 .timescale 0 0;
    .port_info 0 /INPUT 32 "d0";
    .port_info 1 /INPUT 32 "d1";
    .port_info 2 /INPUT 32 "d2";
    .port_info 3 /INPUT 2 "s";
    .port_info 4 /OUTPUT 32 "y";
P_000001d8e7145290 .param/l "WIDTH" 0 20 1, +C4<00000000000000000000000000100000>;
v000001d8e71c1110_0 .net *"_ivl_1", 0 0, L_000001d8e71d01c0;  1 drivers
v000001d8e71c08f0_0 .net *"_ivl_3", 0 0, L_000001d8e71d2560;  1 drivers
v000001d8e71c0e90_0 .net *"_ivl_4", 31 0, L_000001d8e71d0ee0;  1 drivers
v000001d8e71c1d90_0 .net "d0", 31 0, v000001d8e71bc360_0;  alias, 1 drivers
v000001d8e71c0f30_0 .net "d1", 31 0, L_000001d8e71d1f20;  alias, 1 drivers
v000001d8e71c0490_0 .net "d2", 31 0, v000001d8e71b8ff0_0;  alias, 1 drivers
v000001d8e71c1430_0 .net "s", 1 0, L_000001d8e71d3a00;  alias, 1 drivers
v000001d8e71c0170_0 .net "y", 31 0, L_000001d8e71d2600;  alias, 1 drivers
L_000001d8e71d01c0 .part L_000001d8e71d3a00, 1, 1;
L_000001d8e71d2560 .part L_000001d8e71d3a00, 0, 1;
L_000001d8e71d0ee0 .functor MUXZ 32, v000001d8e71bc360_0, L_000001d8e71d1f20, L_000001d8e71d2560, C4<>;
L_000001d8e71d2600 .functor MUXZ 32, L_000001d8e71d0ee0, v000001d8e71b8ff0_0, L_000001d8e71d01c0, C4<>;
S_000001d8e71bd1f0 .scope module, "hu" "hazard_unit" 6 99, 22 1 0, S_000001d8e70e7b80;
 .timescale 0 0;
    .port_info 0 /INPUT 1 "PCSrcE";
    .port_info 1 /INPUT 1 "ResultSrcE";
    .port_info 2 /INPUT 1 "RegWriteM";
    .port_info 3 /INPUT 1 "RegWriteW";
    .port_info 4 /INPUT 5 "RdE";
    .port_info 5 /INPUT 5 "RdM";
    .port_info 6 /INPUT 5 "RdW";
    .port_info 7 /INPUT 5 "Rs1D";
    .port_info 8 /INPUT 5 "Rs2D";
    .port_info 9 /INPUT 5 "Rs1E";
    .port_info 10 /INPUT 5 "Rs2E";
    .port_info 11 /OUTPUT 2 "FowardAE";
    .port_info 12 /OUTPUT 2 "FowardBE";
    .port_info 13 /OUTPUT 1 "StallF";
    .port_info 14 /OUTPUT 1 "StallD";
    .port_info 15 /OUTPUT 1 "FlushD";
    .port_info 16 /OUTPUT 1 "FlushE";
L_000001d8e71d70d0 .functor AND 1, L_000001d8e71d7ae0, L_000001d8e71d2060, C4<1>, C4<1>;
L_000001d8e71d7a00 .functor AND 1, L_000001d8e71d70d0, L_000001d8e71d2100, C4<1>, C4<1>;
L_000001d8e71d6c00 .functor AND 1, L_000001d8e71d7990, L_000001d8e71d21a0, C4<1>, C4<1>;
L_000001d8e71d5fc0 .functor AND 1, L_000001d8e71d6c00, L_000001d8e71d2920, C4<1>, C4<1>;
L_000001d8e71d6030 .functor AND 1, L_000001d8e71d7ae0, L_000001d8e71d31e0, C4<1>, C4<1>;
L_000001d8e71d76f0 .functor AND 1, L_000001d8e71d6030, L_000001d8e71d3000, C4<1>, C4<1>;
L_000001d8e71d7530 .functor AND 1, L_000001d8e71d7990, L_000001d8e71d35a0, C4<1>, C4<1>;
L_000001d8e71d6650 .functor AND 1, L_000001d8e71d7530, L_000001d8e71d3b40, C4<1>, C4<1>;
L_000001d8e71d7220 .functor OR 1, L_000001d8e71d3be0, L_000001d8e71d3780, C4<0>, C4<0>;
L_000001d8e71d7140 .functor AND 1, L_000001d8e71d0800, L_000001d8e71d7220, C4<1>, C4<1>;
L_000001d8e71d7680 .functor BUFZ 1, L_000001d8e71d78b0, C4<0>, C4<0>, C4<0>;
L_000001d8e71d7840 .functor OR 1, L_000001d8e71d7140, L_000001d8e71d78b0, C4<0>, C4<0>;
v000001d8e71c3f20_0 .net "FlushD", 0 0, L_000001d8e71d7680;  alias, 1 drivers
v000001d8e71c4a60_0 .net "FlushE", 0 0, L_000001d8e71d7840;  alias, 1 drivers
v000001d8e71c6360_0 .net "FowardAE", 1 0, L_000001d8e71d3a00;  alias, 1 drivers
v000001d8e71c42e0_0 .net "FowardBE", 1 0, L_000001d8e71d3d20;  alias, 1 drivers
v000001d8e71c4240_0 .net "PCSrcE", 0 0, L_000001d8e71d78b0;  alias, 1 drivers
v000001d8e71c5140_0 .net "RdE", 4 0, o000001d8e7174718;  alias, 0 drivers
v000001d8e71c58c0_0 .net "RdM", 4 0, L_000001d8e71d6ff0;  alias, 1 drivers
v000001d8e71c5640_0 .net "RdW", 4 0, L_000001d8e71d71b0;  alias, 1 drivers
v000001d8e71c4920_0 .net "RegWriteM", 0 0, L_000001d8e71d7ae0;  alias, 1 drivers
v000001d8e71c4420_0 .net "RegWriteW", 0 0, L_000001d8e71d7990;  alias, 1 drivers
v000001d8e71c5a00_0 .net "ResultSrcE", 0 0, L_000001d8e71d0800;  alias, 1 drivers
v000001d8e71c4100_0 .net "Rs1D", 4 0, o000001d8e7174838;  alias, 0 drivers
v000001d8e71c41a0_0 .net "Rs1E", 4 0, L_000001d8e71d68f0;  alias, 1 drivers
v000001d8e71c5460_0 .net "Rs2D", 4 0, o000001d8e7174898;  alias, 0 drivers
v000001d8e71c4ce0_0 .net "Rs2E", 4 0, L_000001d8e71d7300;  alias, 1 drivers
v000001d8e71c56e0_0 .net "StallD", 0 0, L_000001d8e71d3140;  alias, 1 drivers
v000001d8e71c6680_0 .net "StallF", 0 0, L_000001d8e71d3820;  alias, 1 drivers
L_000001d8e71d8278 .functor BUFT 1, C4<00000>, C4<0>, C4<0>, C4<0>;
v000001d8e71c51e0_0 .net/2u *"_ivl_0", 4 0, L_000001d8e71d8278;  1 drivers
L_000001d8e71d82c0 .functor BUFT 1, C4<10>, C4<0>, C4<0>, C4<0>;
v000001d8e71c5960_0 .net/2u *"_ivl_10", 1 0, L_000001d8e71d82c0;  1 drivers
L_000001d8e71d8308 .functor BUFT 1, C4<00000>, C4<0>, C4<0>, C4<0>;
v000001d8e71c5280_0 .net/2u *"_ivl_12", 4 0, L_000001d8e71d8308;  1 drivers
v000001d8e71c4880_0 .net *"_ivl_14", 0 0, L_000001d8e71d21a0;  1 drivers
v000001d8e71c4d80_0 .net *"_ivl_17", 0 0, L_000001d8e71d6c00;  1 drivers
v000001d8e71c4380_0 .net *"_ivl_18", 0 0, L_000001d8e71d2920;  1 drivers
v000001d8e71c4060_0 .net *"_ivl_2", 0 0, L_000001d8e71d2060;  1 drivers
v000001d8e71c64a0_0 .net *"_ivl_21", 0 0, L_000001d8e71d5fc0;  1 drivers
L_000001d8e71d8350 .functor BUFT 1, C4<01>, C4<0>, C4<0>, C4<0>;
v000001d8e71c4f60_0 .net/2u *"_ivl_22", 1 0, L_000001d8e71d8350;  1 drivers
L_000001d8e71d8398 .functor BUFT 1, C4<00>, C4<0>, C4<0>, C4<0>;
v000001d8e71c4c40_0 .net/2u *"_ivl_24", 1 0, L_000001d8e71d8398;  1 drivers
v000001d8e71c5f00_0 .net *"_ivl_26", 1 0, L_000001d8e71d2f60;  1 drivers
L_000001d8e71d83e0 .functor BUFT 1, C4<00000>, C4<0>, C4<0>, C4<0>;
v000001d8e71c5780_0 .net/2u *"_ivl_30", 4 0, L_000001d8e71d83e0;  1 drivers
v000001d8e71c5aa0_0 .net *"_ivl_32", 0 0, L_000001d8e71d31e0;  1 drivers
v000001d8e71c44c0_0 .net *"_ivl_35", 0 0, L_000001d8e71d6030;  1 drivers
v000001d8e71c6540_0 .net *"_ivl_36", 0 0, L_000001d8e71d3000;  1 drivers
v000001d8e71c6220_0 .net *"_ivl_39", 0 0, L_000001d8e71d76f0;  1 drivers
L_000001d8e71d8428 .functor BUFT 1, C4<10>, C4<0>, C4<0>, C4<0>;
v000001d8e71c4560_0 .net/2u *"_ivl_40", 1 0, L_000001d8e71d8428;  1 drivers
L_000001d8e71d8470 .functor BUFT 1, C4<00000>, C4<0>, C4<0>, C4<0>;
v000001d8e71c5b40_0 .net/2u *"_ivl_42", 4 0, L_000001d8e71d8470;  1 drivers
v000001d8e71c49c0_0 .net *"_ivl_44", 0 0, L_000001d8e71d35a0;  1 drivers
v000001d8e71c62c0_0 .net *"_ivl_47", 0 0, L_000001d8e71d7530;  1 drivers
v000001d8e71c6400_0 .net *"_ivl_48", 0 0, L_000001d8e71d3b40;  1 drivers
v000001d8e71c4740_0 .net *"_ivl_5", 0 0, L_000001d8e71d70d0;  1 drivers
v000001d8e71c5be0_0 .net *"_ivl_51", 0 0, L_000001d8e71d6650;  1 drivers
L_000001d8e71d84b8 .functor BUFT 1, C4<01>, C4<0>, C4<0>, C4<0>;
v000001d8e71c4e20_0 .net/2u *"_ivl_52", 1 0, L_000001d8e71d84b8;  1 drivers
L_000001d8e71d8500 .functor BUFT 1, C4<00>, C4<0>, C4<0>, C4<0>;
v000001d8e71c5c80_0 .net/2u *"_ivl_54", 1 0, L_000001d8e71d8500;  1 drivers
v000001d8e71c4600_0 .net *"_ivl_56", 1 0, L_000001d8e71d3640;  1 drivers
v000001d8e71c5d20_0 .net *"_ivl_6", 0 0, L_000001d8e71d2100;  1 drivers
v000001d8e71c46a0_0 .net *"_ivl_60", 0 0, L_000001d8e71d3be0;  1 drivers
v000001d8e71c5500_0 .net *"_ivl_62", 0 0, L_000001d8e71d3780;  1 drivers
v000001d8e71c5320_0 .net *"_ivl_65", 0 0, L_000001d8e71d7220;  1 drivers
v000001d8e71c4b00_0 .net *"_ivl_71", 1 0, L_000001d8e71d2ce0;  1 drivers
v000001d8e71c65e0_0 .net *"_ivl_9", 0 0, L_000001d8e71d7a00;  1 drivers
v000001d8e71c5820_0 .net "lwStall", 0 0, L_000001d8e71d7140;  1 drivers
L_000001d8e71d2060 .cmp/ne 5, L_000001d8e71d68f0, L_000001d8e71d8278;
L_000001d8e71d2100 .cmp/eq 5, L_000001d8e71d68f0, L_000001d8e71d6ff0;
L_000001d8e71d21a0 .cmp/ne 5, L_000001d8e71d68f0, L_000001d8e71d8308;
L_000001d8e71d2920 .cmp/eq 5, L_000001d8e71d68f0, L_000001d8e71d71b0;
L_000001d8e71d2f60 .functor MUXZ 2, L_000001d8e71d8398, L_000001d8e71d8350, L_000001d8e71d5fc0, C4<>;
L_000001d8e71d3a00 .functor MUXZ 2, L_000001d8e71d2f60, L_000001d8e71d82c0, L_000001d8e71d7a00, C4<>;
L_000001d8e71d31e0 .cmp/ne 5, L_000001d8e71d7300, L_000001d8e71d83e0;
L_000001d8e71d3000 .cmp/eq 5, L_000001d8e71d7300, L_000001d8e71d6ff0;
L_000001d8e71d35a0 .cmp/ne 5, L_000001d8e71d7300, L_000001d8e71d8470;
L_000001d8e71d3b40 .cmp/eq 5, L_000001d8e71d7300, L_000001d8e71d71b0;
L_000001d8e71d3640 .functor MUXZ 2, L_000001d8e71d8500, L_000001d8e71d84b8, L_000001d8e71d6650, C4<>;
L_000001d8e71d3d20 .functor MUXZ 2, L_000001d8e71d3640, L_000001d8e71d8428, L_000001d8e71d76f0, C4<>;
L_000001d8e71d3be0 .cmp/eq 5, o000001d8e7174838, o000001d8e7174718;
L_000001d8e71d3780 .cmp/eq 5, o000001d8e7174898, o000001d8e7174718;
L_000001d8e71d3820 .part L_000001d8e71d2ce0, 1, 1;
L_000001d8e71d3140 .part L_000001d8e71d2ce0, 0, 1;
L_000001d8e71d2ce0 .concat [ 1 1 0 0], L_000001d8e71d7140, L_000001d8e71d7140;
    .scope S_000001d8e70d8860;
T_0 ;
    %wait E_000001d8e7144a50;
    %load/vec4 v000001d8e71b4c10_0;
    %dup/vec4;
    %pushi/vec4 3, 0, 7;
    %cmp/u;
    %jmp/1 T_0.0, 6;
    %dup/vec4;
    %pushi/vec4 35, 0, 7;
    %cmp/u;
    %jmp/1 T_0.1, 6;
    %dup/vec4;
    %pushi/vec4 51, 0, 7;
    %cmp/u;
    %jmp/1 T_0.2, 6;
    %dup/vec4;
    %pushi/vec4 99, 0, 7;
    %cmp/u;
    %jmp/1 T_0.3, 6;
    %dup/vec4;
    %pushi/vec4 19, 0, 7;
    %cmp/u;
    %jmp/1 T_0.4, 6;
    %dup/vec4;
    %pushi/vec4 111, 0, 7;
    %cmp/u;
    %jmp/1 T_0.5, 6;
    %pushi/vec4 2047, 2047, 11;
    %store/vec4 v000001d8e71b4df0_0, 0, 11;
    %jmp T_0.7;
T_0.0 ;
    %pushi/vec4 1168, 0, 11;
    %store/vec4 v000001d8e71b4df0_0, 0, 11;
    %jmp T_0.7;
T_0.1 ;
    %pushi/vec4 448, 0, 11;
    %store/vec4 v000001d8e71b4df0_0, 0, 11;
    %jmp T_0.7;
T_0.2 ;
    %pushi/vec4 1796, 768, 11;
    %store/vec4 v000001d8e71b4df0_0, 0, 11;
    %jmp T_0.7;
T_0.3 ;
    %pushi/vec4 522, 0, 11;
    %store/vec4 v000001d8e71b4df0_0, 0, 11;
    %jmp T_0.7;
T_0.4 ;
    %pushi/vec4 1156, 0, 11;
    %store/vec4 v000001d8e71b4df0_0, 0, 11;
    %jmp T_0.7;
T_0.5 ;
    %pushi/vec4 1825, 0, 11;
    %store/vec4 v000001d8e71b4df0_0, 0, 11;
    %jmp T_0.7;
T_0.7 ;
    %pop/vec4 1;
    %jmp T_0;
    .thread T_0, $push;
    .scope S_000001d8e70d86d0;
T_1 ;
    %wait E_000001d8e7144310;
    %load/vec4 v000001d8e712ef10_0;
    %dup/vec4;
    %pushi/vec4 0, 0, 2;
    %cmp/u;
    %jmp/1 T_1.0, 6;
    %dup/vec4;
    %pushi/vec4 1, 0, 2;
    %cmp/u;
    %jmp/1 T_1.1, 6;
    %load/vec4 v000001d8e713bcf0_0;
    %dup/vec4;
    %pushi/vec4 0, 0, 3;
    %cmp/u;
    %jmp/1 T_1.4, 6;
    %dup/vec4;
    %pushi/vec4 2, 0, 3;
    %cmp/u;
    %jmp/1 T_1.5, 6;
    %dup/vec4;
    %pushi/vec4 6, 0, 3;
    %cmp/u;
    %jmp/1 T_1.6, 6;
    %dup/vec4;
    %pushi/vec4 7, 0, 3;
    %cmp/u;
    %jmp/1 T_1.7, 6;
    %pushi/vec4 7, 7, 3;
    %store/vec4 v000001d8e712f910_0, 0, 3;
    %jmp T_1.9;
T_1.4 ;
    %load/vec4 v000001d8e712f190_0;
    %flag_set/vec4 8;
    %jmp/0xz  T_1.10, 8;
    %pushi/vec4 1, 0, 3;
    %store/vec4 v000001d8e712f910_0, 0, 3;
    %jmp T_1.11;
T_1.10 ;
    %pushi/vec4 0, 0, 3;
    %store/vec4 v000001d8e712f910_0, 0, 3;
T_1.11 ;
    %jmp T_1.9;
T_1.5 ;
    %pushi/vec4 5, 0, 3;
    %store/vec4 v000001d8e712f910_0, 0, 3;
    %jmp T_1.9;
T_1.6 ;
    %pushi/vec4 3, 0, 3;
    %store/vec4 v000001d8e712f910_0, 0, 3;
    %jmp T_1.9;
T_1.7 ;
    %pushi/vec4 2, 0, 3;
    %store/vec4 v000001d8e712f910_0, 0, 3;
    %jmp T_1.9;
T_1.9 ;
    %pop/vec4 1;
    %jmp T_1.3;
T_1.0 ;
    %pushi/vec4 0, 0, 3;
    %store/vec4 v000001d8e712f910_0, 0, 3;
    %jmp T_1.3;
T_1.1 ;
    %pushi/vec4 1, 0, 3;
    %store/vec4 v000001d8e712f910_0, 0, 3;
    %jmp T_1.3;
T_1.3 ;
    %pop/vec4 1;
    %jmp T_1;
    .thread T_1, $push;
    .scope S_000001d8e70c8b50;
T_2 ;
    %wait E_000001d8e71453d0;
    %load/vec4 v000001d8e71b8c30_0;
    %flag_set/vec4 8;
    %jmp/0xz  T_2.0, 8;
    %pushi/vec4 0, 0, 32;
    %assign/vec4 v000001d8e71b9a90_0, 0;
    %jmp T_2.1;
T_2.0 ;
    %load/vec4 v000001d8e71b8d70_0;
    %flag_set/vec4 8;
    %jmp/0xz  T_2.2, 8;
    %load/vec4 v000001d8e71ba710_0;
    %assign/vec4 v000001d8e71b9a90_0, 0;
T_2.2 ;
T_2.1 ;
    %jmp T_2;
    .thread T_2;
    .scope S_000001d8e71bdce0;
T_3 ;
    %wait E_000001d8e71453d0;
    %load/vec4 v000001d8e71bb6e0_0;
    %flag_set/vec4 8;
    %jmp/0xz  T_3.0, 8;
    %pushi/vec4 0, 0, 32;
    %assign/vec4 v000001d8e71bc220_0, 0;
    %pushi/vec4 0, 0, 32;
    %assign/vec4 v000001d8e71bbf00_0, 0;
    %pushi/vec4 0, 0, 32;
    %assign/vec4 v000001d8e71bb000_0, 0;
    %jmp T_3.1;
T_3.0 ;
    %load/vec4 v000001d8e71baf60_0;
    %flag_set/vec4 8;
    %jmp/0xz  T_3.2, 8;
    %pushi/vec4 0, 0, 32;
    %assign/vec4 v000001d8e71bc220_0, 0;
    %pushi/vec4 0, 0, 32;
    %assign/vec4 v000001d8e71bbf00_0, 0;
    %pushi/vec4 0, 0, 32;
    %assign/vec4 v000001d8e71bb000_0, 0;
    %jmp T_3.3;
T_3.2 ;
    %load/vec4 v000001d8e71bb5a0_0;
    %flag_set/vec4 8;
    %jmp/0xz  T_3.4, 8;
    %load/vec4 v000001d8e71bcd60_0;
    %assign/vec4 v000001d8e71bc220_0, 0;
    %load/vec4 v000001d8e71bc5e0_0;
    %assign/vec4 v000001d8e71bbf00_0, 0;
    %load/vec4 v000001d8e71baec0_0;
    %assign/vec4 v000001d8e71bb000_0, 0;
T_3.4 ;
T_3.3 ;
T_3.1 ;
    %jmp T_3;
    .thread T_3;
    .scope S_000001d8e71bced0;
T_4 ;
    %wait E_000001d8e7144810;
    %load/vec4 v000001d8e71bfa60_0;
    %flag_set/vec4 8;
    %jmp/0xz  T_4.0, 8;
    %load/vec4 v000001d8e71bee80_0;
    %load/vec4 v000001d8e71bf600_0;
    %pad/u 7;
    %ix/vec4 3;
    %ix/load 4, 0, 0; Constant delay
    %assign/vec4/a/d v000001d8e71bede0, 0, 4;
T_4.0 ;
    %jmp T_4;
    .thread T_4;
    .scope S_000001d8e71bab50;
T_5 ;
    %wait E_000001d8e7144dd0;
    %load/vec4 v000001d8e71ba0d0_0;
    %dup/vec4;
    %pushi/vec4 0, 0, 2;
    %cmp/u;
    %jmp/1 T_5.0, 6;
    %dup/vec4;
    %pushi/vec4 1, 0, 2;
    %cmp/u;
    %jmp/1 T_5.1, 6;
    %dup/vec4;
    %pushi/vec4 2, 0, 2;
    %cmp/u;
    %jmp/1 T_5.2, 6;
    %dup/vec4;
    %pushi/vec4 3, 0, 2;
    %cmp/u;
    %jmp/1 T_5.3, 6;
    %pushi/vec4 4294967295, 4294967295, 32;
    %store/vec4 v000001d8e71ba3f0_0, 0, 32;
    %jmp T_5.5;
T_5.0 ;
    %load/vec4 v000001d8e71ba530_0;
    %parti/s 1, 24, 6;
    %replicate 20;
    %load/vec4 v000001d8e71ba530_0;
    %parti/s 12, 13, 5;
    %concat/vec4; draw_concat_vec4
    %store/vec4 v000001d8e71ba3f0_0, 0, 32;
    %jmp T_5.5;
T_5.1 ;
    %load/vec4 v000001d8e71ba530_0;
    %parti/s 1, 24, 6;
    %replicate 20;
    %load/vec4 v000001d8e71ba530_0;
    %parti/s 7, 18, 6;
    %concat/vec4; draw_concat_vec4
    %load/vec4 v000001d8e71ba530_0;
    %parti/s 5, 0, 2;
    %concat/vec4; draw_concat_vec4
    %store/vec4 v000001d8e71ba3f0_0, 0, 32;
    %jmp T_5.5;
T_5.2 ;
    %load/vec4 v000001d8e71ba530_0;
    %parti/s 1, 24, 6;
    %replicate 20;
    %load/vec4 v000001d8e71ba530_0;
    %parti/s 1, 0, 2;
    %concat/vec4; draw_concat_vec4
    %load/vec4 v000001d8e71ba530_0;
    %parti/s 6, 18, 6;
    %concat/vec4; draw_concat_vec4
    %load/vec4 v000001d8e71ba530_0;
    %parti/s 4, 1, 2;
    %concat/vec4; draw_concat_vec4
    %concati/vec4 0, 0, 1;
    %store/vec4 v000001d8e71ba3f0_0, 0, 32;
    %jmp T_5.5;
T_5.3 ;
    %load/vec4 v000001d8e71ba530_0;
    %parti/s 1, 24, 6;
    %replicate 12;
    %load/vec4 v000001d8e71ba530_0;
    %parti/s 8, 5, 4;
    %concat/vec4; draw_concat_vec4
    %load/vec4 v000001d8e71ba530_0;
    %parti/s 1, 13, 5;
    %concat/vec4; draw_concat_vec4
    %load/vec4 v000001d8e71ba530_0;
    %parti/s 10, 14, 5;
    %concat/vec4; draw_concat_vec4
    %concati/vec4 0, 0, 1;
    %store/vec4 v000001d8e71ba3f0_0, 0, 32;
    %jmp T_5.5;
T_5.5 ;
    %pop/vec4 1;
    %jmp T_5;
    .thread T_5, $push;
    .scope S_000001d8e70c66c0;
T_6 ;
    %wait E_000001d8e71453d0;
    %load/vec4 v000001d8e71bb640_0;
    %flag_set/vec4 8;
    %jmp/1 T_6.2, 8;
    %load/vec4 v000001d8e71bccc0_0;
    %flag_set/vec4 9;
    %flag_or 8, 9;
T_6.2;
    %jmp/0xz  T_6.0, 8;
    %pushi/vec4 0, 0, 1;
    %assign/vec4 v000001d8e71bc9a0_0, 0;
    %pushi/vec4 0, 0, 2;
    %assign/vec4 v000001d8e71bbc80_0, 0;
    %pushi/vec4 0, 0, 1;
    %assign/vec4 v000001d8e71bb500_0, 0;
    %pushi/vec4 0, 0, 1;
    %assign/vec4 v000001d8e71bbd20_0, 0;
    %pushi/vec4 0, 0, 1;
    %assign/vec4 v000001d8e71bca40_0, 0;
    %pushi/vec4 0, 0, 3;
    %assign/vec4 v000001d8e71b9090_0, 0;
    %pushi/vec4 0, 0, 1;
    %assign/vec4 v000001d8e71bb960_0, 0;
    %pushi/vec4 0, 0, 32;
    %assign/vec4 v000001d8e71bc900_0, 0;
    %pushi/vec4 0, 0, 32;
    %assign/vec4 v000001d8e71bc360_0, 0;
    %pushi/vec4 0, 0, 32;
    %assign/vec4 v000001d8e71bb3c0_0, 0;
    %pushi/vec4 0, 0, 32;
    %assign/vec4 v000001d8e71bc4a0_0, 0;
    %pushi/vec4 0, 0, 32;
    %assign/vec4 v000001d8e71bcb80_0, 0;
    %pushi/vec4 0, 0, 5;
    %assign/vec4 v000001d8e71bc720_0, 0;
    %pushi/vec4 0, 0, 5;
    %assign/vec4 v000001d8e71bc400_0, 0;
    %pushi/vec4 0, 0, 5;
    %assign/vec4 v000001d8e71bbdc0_0, 0;
    %jmp T_6.1;
T_6.0 ;
    %load/vec4 v000001d8e71bb320_0;
    %flag_set/vec4 8;
    %jmp/0xz  T_6.3, 8;
    %load/vec4 v000001d8e71bbb40_0;
    %assign/vec4 v000001d8e71bc9a0_0, 0;
    %load/vec4 v000001d8e71bb460_0;
    %assign/vec4 v000001d8e71bbc80_0, 0;
    %load/vec4 v000001d8e71bbfa0_0;
    %assign/vec4 v000001d8e71bb500_0, 0;
    %load/vec4 v000001d8e71bc540_0;
    %assign/vec4 v000001d8e71bbd20_0, 0;
    %load/vec4 v000001d8e71bcae0_0;
    %assign/vec4 v000001d8e71bca40_0, 0;
    %load/vec4 v000001d8e71b9810_0;
    %assign/vec4 v000001d8e71b9090_0, 0;
    %load/vec4 v000001d8e71bc680_0;
    %assign/vec4 v000001d8e71bb960_0, 0;
    %load/vec4 v000001d8e71bba00_0;
    %assign/vec4 v000001d8e71bc900_0, 0;
    %load/vec4 v000001d8e71bc040_0;
    %assign/vec4 v000001d8e71bc360_0, 0;
    %load/vec4 v000001d8e71bb140_0;
    %assign/vec4 v000001d8e71bb3c0_0, 0;
    %load/vec4 v000001d8e71bbe60_0;
    %assign/vec4 v000001d8e71bc4a0_0, 0;
    %load/vec4 v000001d8e71bbbe0_0;
    %assign/vec4 v000001d8e71bcb80_0, 0;
    %load/vec4 v000001d8e71bbaa0_0;
    %assign/vec4 v000001d8e71bc720_0, 0;
    %load/vec4 v000001d8e71bcc20_0;
    %assign/vec4 v000001d8e71bc400_0, 0;
    %load/vec4 v000001d8e71bb0a0_0;
    %assign/vec4 v000001d8e71bbdc0_0, 0;
T_6.3 ;
T_6.1 ;
    %jmp T_6;
    .thread T_6;
    .scope S_000001d8e70cfbf0;
T_7 ;
    %wait E_000001d8e7144a90;
    %load/vec4 v000001d8e71b94f0_0;
    %dup/vec4;
    %pushi/vec4 0, 0, 3;
    %cmp/u;
    %jmp/1 T_7.0, 6;
    %dup/vec4;
    %pushi/vec4 1, 0, 3;
    %cmp/u;
    %jmp/1 T_7.1, 6;
    %dup/vec4;
    %pushi/vec4 2, 0, 3;
    %cmp/u;
    %jmp/1 T_7.2, 6;
    %dup/vec4;
    %pushi/vec4 3, 0, 3;
    %cmp/u;
    %jmp/1 T_7.3, 6;
    %dup/vec4;
    %pushi/vec4 4, 0, 3;
    %cmp/u;
    %jmp/1 T_7.4, 6;
    %dup/vec4;
    %pushi/vec4 5, 0, 3;
    %cmp/u;
    %jmp/1 T_7.5, 6;
    %dup/vec4;
    %pushi/vec4 6, 0, 3;
    %cmp/u;
    %jmp/1 T_7.6, 6;
    %dup/vec4;
    %pushi/vec4 7, 0, 3;
    %cmp/u;
    %jmp/1 T_7.7, 6;
    %pushi/vec4 4294967295, 4294967295, 32;
    %store/vec4 v000001d8e71ba2b0_0, 0, 32;
    %jmp T_7.9;
T_7.0 ;
    %load/vec4 v000001d8e71ba350_0;
    %store/vec4 v000001d8e71ba2b0_0, 0, 32;
    %jmp T_7.9;
T_7.1 ;
    %load/vec4 v000001d8e71ba350_0;
    %store/vec4 v000001d8e71ba2b0_0, 0, 32;
    %jmp T_7.9;
T_7.2 ;
    %load/vec4 v000001d8e71b9f90_0;
    %load/vec4 v000001d8e71b8f50_0;
    %and;
    %store/vec4 v000001d8e71ba2b0_0, 0, 32;
    %jmp T_7.9;
T_7.3 ;
    %load/vec4 v000001d8e71b9f90_0;
    %load/vec4 v000001d8e71b8f50_0;
    %or;
    %store/vec4 v000001d8e71ba2b0_0, 0, 32;
    %jmp T_7.9;
T_7.4 ;
    %load/vec4 v000001d8e71b9f90_0;
    %load/vec4 v000001d8e71b8f50_0;
    %xor;
    %store/vec4 v000001d8e71ba2b0_0, 0, 32;
    %jmp T_7.9;
T_7.5 ;
    %load/vec4 v000001d8e71ba350_0;
    %parti/s 1, 31, 6;
    %pad/u 32;
    %load/vec4 v000001d8e71b9db0_0;
    %pad/u 32;
    %xor;
    %store/vec4 v000001d8e71ba2b0_0, 0, 32;
    %jmp T_7.9;
T_7.6 ;
    %load/vec4 v000001d8e71b9f90_0;
    %load/vec4 v000001d8e71b8f50_0;
    %parti/s 5, 0, 2;
    %ix/vec4 4;
    %shiftl 4;
    %store/vec4 v000001d8e71ba2b0_0, 0, 32;
    %jmp T_7.9;
T_7.7 ;
    %load/vec4 v000001d8e71b9f90_0;
    %load/vec4 v000001d8e71b8f50_0;
    %parti/s 5, 0, 2;
    %ix/vec4 4;
    %shiftr 4;
    %store/vec4 v000001d8e71ba2b0_0, 0, 32;
    %jmp T_7.9;
T_7.9 ;
    %pop/vec4 1;
    %jmp T_7;
    .thread T_7, $push;
    .scope S_000001d8e70c8ce0;
T_8 ;
    %wait E_000001d8e7145350;
    %load/vec4 v000001d8e71b9450_0;
    %flag_set/vec4 8;
    %jmp/1 T_8.2, 8;
    %load/vec4 v000001d8e71b93b0_0;
    %flag_set/vec4 9;
    %flag_or 8, 9;
T_8.2;
    %jmp/0xz  T_8.0, 8;
    %pushi/vec4 0, 0, 1;
    %assign/vec4 v000001d8e71b9e50_0, 0;
    %pushi/vec4 0, 0, 2;
    %assign/vec4 v000001d8e71b9ef0_0, 0;
    %pushi/vec4 0, 0, 1;
    %assign/vec4 v000001d8e71ba7b0_0, 0;
    %pushi/vec4 0, 0, 32;
    %assign/vec4 v000001d8e71b8ff0_0, 0;
    %pushi/vec4 0, 0, 32;
    %assign/vec4 v000001d8e71ba170_0, 0;
    %pushi/vec4 0, 0, 5;
    %assign/vec4 v000001d8e71b9270_0, 0;
    %pushi/vec4 0, 0, 32;
    %assign/vec4 v000001d8e71b9130_0, 0;
    %jmp T_8.1;
T_8.0 ;
    %load/vec4 v000001d8e71b9310_0;
    %flag_set/vec4 8;
    %jmp/0xz  T_8.3, 8;
    %load/vec4 v000001d8e71ba850_0;
    %assign/vec4 v000001d8e71b9e50_0, 0;
    %load/vec4 v000001d8e71b9d10_0;
    %assign/vec4 v000001d8e71b9ef0_0, 0;
    %load/vec4 v000001d8e71b8e10_0;
    %assign/vec4 v000001d8e71ba7b0_0, 0;
    %load/vec4 v000001d8e71b98b0_0;
    %assign/vec4 v000001d8e71b8ff0_0, 0;
    %load/vec4 v000001d8e71b91d0_0;
    %assign/vec4 v000001d8e71ba170_0, 0;
    %load/vec4 v000001d8e71b96d0_0;
    %assign/vec4 v000001d8e71b9270_0, 0;
    %load/vec4 v000001d8e71ba670_0;
    %assign/vec4 v000001d8e71b9130_0, 0;
T_8.3 ;
T_8.1 ;
    %jmp T_8;
    .thread T_8;
    .scope S_000001d8e71bd510;
T_9 ;
    %wait E_000001d8e7145910;
    %load/vec4 v000001d8e71bf7e0_0;
    %flag_set/vec4 8;
    %jmp/1 T_9.2, 8;
    %load/vec4 v000001d8e71bf9c0_0;
    %flag_set/vec4 9;
    %flag_or 8, 9;
T_9.2;
    %jmp/0xz  T_9.0, 8;
    %pushi/vec4 0, 0, 1;
    %assign/vec4 v000001d8e71bf240_0, 0;
    %pushi/vec4 0, 0, 2;
    %assign/vec4 v000001d8e71bdee0_0, 0;
    %pushi/vec4 0, 0, 32;
    %assign/vec4 v000001d8e71bc180_0, 0;
    %pushi/vec4 0, 0, 32;
    %assign/vec4 v000001d8e71bb280_0, 0;
    %pushi/vec4 0, 0, 5;
    %assign/vec4 v000001d8e71bc860_0, 0;
    %pushi/vec4 0, 0, 32;
    %assign/vec4 v000001d8e71bb8c0_0, 0;
    %jmp T_9.1;
T_9.0 ;
    %load/vec4 v000001d8e71be0c0_0;
    %flag_set/vec4 8;
    %jmp/0xz  T_9.3, 8;
    %load/vec4 v000001d8e71bdf80_0;
    %assign/vec4 v000001d8e71bf240_0, 0;
    %load/vec4 v000001d8e71be8e0_0;
    %assign/vec4 v000001d8e71bdee0_0, 0;
    %load/vec4 v000001d8e71bb780_0;
    %assign/vec4 v000001d8e71bc180_0, 0;
    %load/vec4 v000001d8e71bb1e0_0;
    %assign/vec4 v000001d8e71bb280_0, 0;
    %load/vec4 v000001d8e71bc7c0_0;
    %assign/vec4 v000001d8e71bc860_0, 0;
    %load/vec4 v000001d8e71bb820_0;
    %assign/vec4 v000001d8e71bb8c0_0, 0;
T_9.3 ;
T_9.1 ;
    %jmp T_9;
    .thread T_9;
    .scope S_000001d8e70eace0;
T_10 ;
    %vpi_call 5 7 "$readmemh", "../riscvtest.txt", v000001d8e715d4b0 {0 0 0};
    %end;
    .thread T_10;
    .scope S_000001d8e70eab50;
T_11 ;
    %wait E_000001d8e7144810;
    %load/vec4 v000001d8e715cf10_0;
    %flag_set/vec4 8;
    %jmp/0xz  T_11.0, 8;
    %load/vec4 v000001d8e715dd70_0;
    %load/vec4 v000001d8e715ce70_0;
    %parti/s 30, 2, 3;
    %ix/vec4 3;
    %ix/load 4, 0, 0; Constant delay
    %assign/vec4/a/d v000001d8e715d730, 0, 4;
T_11.0 ;
    %jmp T_11;
    .thread T_11;
    .scope S_000001d8e7167f30;
T_12 ;
    %pushi/vec4 1, 0, 1;
    %assign/vec4 v000001d8e71c7120_0, 0;
    %delay 22, 0;
    %pushi/vec4 0, 0, 1;
    %assign/vec4 v000001d8e71c7120_0, 0;
    %end;
    .thread T_12;
    .scope S_000001d8e7167f30;
T_13 ;
    %pushi/vec4 1, 0, 1;
    %assign/vec4 v000001d8e71c6e00_0, 0;
    %delay 5, 0;
    %pushi/vec4 0, 0, 1;
    %assign/vec4 v000001d8e71c6e00_0, 0;
    %delay 5, 0;
    %jmp T_13;
    .thread T_13;
    .scope S_000001d8e7167f30;
T_14 ;
    %wait E_000001d8e71449d0;
    %load/vec4 v000001d8e71c6b80_0;
    %flag_set/vec4 8;
    %jmp/0xz  T_14.0, 8;
    %load/vec4 v000001d8e71c6f40_0;
    %cmpi/e 100, 0, 32;
    %flag_get/vec4 6;
    %jmp/0 T_14.4, 6;
    %load/vec4 v000001d8e71c6d60_0;
    %pushi/vec4 25, 0, 32;
    %cmp/e;
    %flag_get/vec4 6;
    %and;
T_14.4;
    %flag_set/vec4 8;
    %jmp/0xz  T_14.2, 8;
    %vpi_call 2 33 "$display", "Simulation succeeded" {0 0 0};
    %vpi_call 2 34 "$stop" {0 0 0};
    %jmp T_14.3;
T_14.2 ;
    %load/vec4 v000001d8e71c6f40_0;
    %cmpi/ne 96, 0, 32;
    %jmp/0xz  T_14.5, 6;
    %vpi_call 2 36 "$display", "Simulation failed" {0 0 0};
    %vpi_call 2 37 "$stop" {0 0 0};
T_14.5 ;
T_14.3 ;
T_14.0 ;
    %jmp T_14;
    .thread T_14;
# The file index is used to find the file name in the following table.
:file_names 23;
    "N/A";
    "<interactive>";
    ".\g12-Verilog\testbench.v";
    ".\g12-Verilog\top.v";
    ".\g12-Verilog\dmem.v";
    ".\g12-Verilog\imem.v";
    ".\g12-Verilog\riscvsingle.v";
    ".\g12-Verilog\controller.v";
    ".\g12-Verilog\aludec.v";
    ".\g12-Verilog\maindec.v";
    ".\g12-Verilog\datapath.v";
    ".\g12-Verilog\alu.v";
    ".\g12-Verilog\extend.v";
    ".\g12-Verilog\adder.v";
    ".\g12-Verilog\mux2.v";
    ".\g12-Verilog\flopr.v";
    ".\g12-Verilog\reg_EX_MEM.v";
    ".\g12-Verilog\reg_ID_EX.v";
    ".\g12-Verilog\reg_IF_ID.v";
    ".\g12-Verilog\reg_MEM_WB.v";
    ".\g12-Verilog\mux3.v";
    ".\g12-Verilog\regfile.v";
    ".\g12-Verilog\hazard_unit.v";
